Starting phenix.refine
on Thu Aug 20 18:43:33 2026 by jamesh
===============================================================================

Processing files:
-------------------------------------------------------------------------------

  Found phil, rerefine_003.eff

Processing PHIL parameters:
-------------------------------------------------------------------------------

  Adding PHIL files:
  ------------------
    rerefine_003.eff

  Adding command-line PHIL:
  -------------------------
    refinement.input.bulk_solvent_map.file_name=/home/jamesh/projects/phenix_user_solvent/squish_phenix/solvent_Fpart_updated.mtz
    output.prefix=updatedsolvent

Processing files from PHIL:
-------------------------------------------------------------------------------

  Found miller_array, /home/jamesh/projects/phenix_user_solvent/squish_phenix/solvent_Fpart_updated.mtz

Final processed PHIL parameters:
-------------------------------------------------------------------------------
  data_manager {
    model {
      file = "rerefine_002.pdb"
    }
    default_model = "rerefine_002.pdb"
    phil_files = "rerefine_003.eff"
    default_phil = "rerefine_003.eff"
    miller_array {
      file = "refme.mtz"
    }
    miller_array {
      file = "solvent_Fpart.mtz"
    }
    miller_array {
      file = "/home/jamesh/projects/phenix_user_solvent/squish_phenix/solvent_Fpart_updated.mtz"
    }
    fmodel {
      xray_data {
        r_free_flags {
          test_flag_value = 0
        }
      }
    }
    default_miller_array = "refme.mtz"
  }
  refinement {
    input {
      bulk_solvent_map {
        file_name = /home/jamesh/projects/phenix_user_solvent/squish_phenix/solvent_Fpart_updated.mtz
        amplitudes_label = "Fpart"
        phases_label = "PHIpart"
      }
    }
    output {
      export_final_f_model = True
    }
    electron_density_maps {
      map_coefficients {
        map_type = "2mFo-DFc"
        mtz_label_amplitudes = "2FOFCWT"
        mtz_label_phases = "PH2FOFCWT"
        fill_missing_f_obs = True
      }
      map_coefficients {
        map_type = "2mFo-DFc"
        mtz_label_amplitudes = "2FOFCWT_no_fill"
        mtz_label_phases = "PH2FOFCWT_no_fill"
      }
      map_coefficients {
        map_type = "mFo-DFc"
        mtz_label_amplitudes = "FOFCWT"
        mtz_label_phases = "PHFOFCWT"
      }
      map_coefficients {
        map_type = "anomalous"
        mtz_label_amplitudes = "ANOM"
        mtz_label_phases = "PANOM"
      }
      map {
        map_type = "2mFo-DFc"
        fill_missing_f_obs = True
      }
      map {
        map_type = "2mFo-DFc"
      }
      map {
        map_type = "mFo-DFc"
      }
    }
    hydrogens {
      refine = individual *riding Auto
    }
    pdb_interpretation {
      c_beta_restraints = False
      nonbonded_weight = 16
    }
    reference_model {
      side_chain = True
      fix_outliers = True
    }
  }
  output {
    prefix = updatedsolvent
    serial = 3
    target_output_format = None *pdb mmcif
    overwrite = True
  }


Starting job
===============================================================================
Using user-supplied bulk solvent map from: /home/jamesh/projects/phenix_user_solvent/squish_phenix/solvent_Fpart_updated.mtz
  amplitude column: Fpart   phase column: PHIpart
  Monomer Library directory:
    "/home/programs/phenix-2.2-6143/lib/python3.11/site-packages/chem_data/mon_lib"
  Total number of atoms: 10016
  Number of models: 1
  Model: ""
    Number of chains: 2
    Chain: "A"
      Number of atoms: 9888
      Number of conformers: 22
      Conformer: "A"
        Number of residues, atoms: 63, 941
          Classifications: {'peptide': 63}
          Modifications used: {'COO': 1, 'NH2NOTPRO': 1}
          Link IDs: {'PTRANS': 3, 'TRANS': 59}
          Chain breaks: 1
      Conformer: "B"
        Number of residues, atoms: 63, 936
          Classifications: {'peptide': 63}
          Modifications used: {'COO': 1, 'NH2NOTPRO': 1}
          Link IDs: {'PTRANS': 3, 'TRANS': 59}
          Chain breaks: 1
      Conformer: "C"
        Number of residues, atoms: 64, 948
          Classifications: {'peptide': 64}
          Modifications used: {'COO': 1, 'NH2NOTPRO': 1}
          Link IDs: {'PTRANS': 3, 'TRANS': 60}
      Conformer: "D"
        Number of residues, atoms: 46, 724
          Classifications: {'peptide': 46}
          Modifications used: {'COO': 1, 'NH2NOTPRO': 1}
          Link IDs: {'PTRANS': 3, 'TRANS': 42}
          Chain breaks: 14
      Conformer: "E"
        Number of residues, atoms: 41, 648
          Classifications: {'peptide': 41}
          Modifications used: {'COO': 1, 'NH2NOTPRO': 1}
          Link IDs: {'PTRANS': 2, 'TRANS': 38}
          Chain breaks: 13
      Conformer: "F"
        Number of residues, atoms: 40, 644
          Classifications: {'peptide': 40}
          Modifications used: {'COO': 1, 'NH2NOTPRO': 1}
          Link IDs: {'PTRANS': 3, 'TRANS': 36}
          Chain breaks: 13
      Conformer: "G"
        Number of residues, atoms: 42, 664
          Classifications: {'peptide': 42}
          Modifications used: {'COO': 1, 'NH2NOTPRO': 1}
          Link IDs: {'PTRANS': 3, 'TRANS': 38}
          Chain breaks: 13
      Conformer: "H"
        Number of residues, atoms: 42, 664
          Classifications: {'peptide': 42}
          Modifications used: {'COO': 1, 'NH2NOTPRO': 1}
          Link IDs: {'PTRANS': 3, 'TRANS': 38}
          Chain breaks: 13
      Conformer: "I"
        Number of residues, atoms: 29, 471
          Classifications: {'peptide': 29}
          Modifications used: {'COO': 1}
          Link IDs: {'PTRANS': 1, 'TRANS': 27}
          Chain breaks: 18
      Conformer: "J"
        Number of residues, atoms: 27, 439
          Classifications: {'peptide': 27}
          Modifications used: {'COO': 1}
          Link IDs: {'PTRANS': 1, 'TRANS': 25}
          Chain breaks: 16
      Conformer: "K"
        Number of residues, atoms: 28, 461
          Classifications: {'peptide': 28}
          Modifications used: {'COO': 1}
          Link IDs: {'PTRANS': 1, 'TRANS': 26}
          Chain breaks: 18
      Conformer: "L"
        Number of residues, atoms: 26, 432
          Classifications: {'peptide': 26}
          Modifications used: {'COO': 1}
          Link IDs: {'PTRANS': 1, 'TRANS': 24}
          Chain breaks: 16
      Conformer: "M"
        Number of residues, atoms: 26, 429
          Classifications: {'peptide': 26}
          Modifications used: {'COO': 1}
          Link IDs: {'PTRANS': 1, 'TRANS': 24}
          Chain breaks: 17
      Conformer: "N"
        Number of residues, atoms: 26, 429
          Classifications: {'peptide': 26}
          Modifications used: {'COO': 1}
          Link IDs: {'PTRANS': 1, 'TRANS': 24}
          Chain breaks: 16
      Conformer: "O"
        Number of residues, atoms: 23, 394
          Classifications: {'peptide': 23}
          Modifications used: {'COO': 1}
          Link IDs: {'CIS': 1, 'PTRANS': 1, 'TRANS': 20}
          Chain breaks: 16
      Conformer: "P"
        Number of residues, atoms: 23, 382
          Classifications: {'peptide': 23}
          Modifications used: {'COO': 1}
          Link IDs: {'PTRANS': 1, 'TRANS': 21}
          Chain breaks: 15
      Conformer: "Q"
        Number of residues, atoms: 5, 102
          Classifications: {'peptide': 5}
          Link IDs: {'TRANS': 4}
          Chain breaks: 4
      Conformer: "R"
        Number of residues, atoms: 4, 80
          Classifications: {'peptide': 4}
          Link IDs: {'TRANS': 3}
          Chain breaks: 3
      Conformer: "S"
        Number of residues, atoms: 2, 34
          Classifications: {'peptide': 2}
          Link IDs: {'TRANS': 1}
          Chain breaks: 1
      Conformer: "T"
        Number of residues, atoms: 1, 22
          Classifications: {'peptide': 1}
      Conformer: "U"
        Number of residues, atoms: 1, 22
          Classifications: {'peptide': 1}
      Conformer: "V"
        Number of residues, atoms: 1, 22
          Classifications: {'peptide': 1}
    Chain: "z"
      Number of atoms: 128
      Number of conformers: 40
      Conformer: "w"
        Number of residues, atoms: 15, 15
          Classifications: {'water': 15}
          Link IDs: {None: 14}
      Conformer: "p"
        Number of residues, atoms: 3, 3
          Classifications: {'water': 3}
          Link IDs: {None: 2}
      Conformer: "q"
        Number of residues, atoms: 2, 2
          Classifications: {'water': 2}
          Link IDs: {None: 1}
      Conformer: "c"
        Number of residues, atoms: 2, 2
          Classifications: {'water': 2}
          Link IDs: {None: 1}
      Conformer: "y"
        Number of residues, atoms: 16, 16
          Classifications: {'water': 16}
          Link IDs: {None: 15}
      Conformer: "z"
        Number of residues, atoms: 16, 16
          Classifications: {'water': 16}
          Link IDs: {None: 15}
      Conformer: "L"
        Number of residues, atoms: 3, 3
          Classifications: {'water': 3}
          Link IDs: {None: 2}
      Conformer: "M"
        Number of residues, atoms: 3, 3
          Classifications: {'water': 3}
          Link IDs: {None: 2}
      Conformer: "g"
        Number of residues, atoms: 3, 3
          Classifications: {'water': 3}
          Link IDs: {None: 2}
      Conformer: "A"
        Number of residues, atoms: 3, 3
          Classifications: {'water': 3}
          Link IDs: {None: 2}
      Conformer: "i"
        Number of residues, atoms: 3, 3
          Classifications: {'water': 3}
          Link IDs: {None: 2}
      Conformer: "P"
        Number of residues, atoms: 2, 2
          Classifications: {'water': 2}
          Link IDs: {None: 1}
      Conformer: "O"
        Number of residues, atoms: 2, 2
          Classifications: {'water': 2}
          Link IDs: {None: 1}
      Conformer: "Q"
        Number of residues, atoms: 2, 2
          Classifications: {'water': 2}
          Link IDs: {None: 1}
      Conformer: "s"
        Number of residues, atoms: 1, 1
          Classifications: {'water': 1}
      Conformer: "C"
        Number of residues, atoms: 3, 3
          Classifications: {'water': 3}
          Link IDs: {None: 2}
      Conformer: "V"
        Number of residues, atoms: 1, 1
          Classifications: {'water': 1}
      Conformer: "Y"
        Number of residues, atoms: 3, 3
          Classifications: {'water': 3}
          Link IDs: {None: 2}
      Conformer: "x"
        Number of residues, atoms: 8, 8
          Classifications: {'water': 8}
          Link IDs: {None: 7}
      Conformer: "a"
        Number of residues, atoms: 3, 3
          Classifications: {'water': 3}
          Link IDs: {None: 2}
      Conformer: "o"
        Number of residues, atoms: 1, 1
          Classifications: {'water': 1}
      Conformer: "t"
        Number of residues, atoms: 1, 1
          Classifications: {'water': 1}
      Conformer: "G"
        Number of residues, atoms: 1, 1
          Classifications: {'water': 1}
      Conformer: "r"
        Number of residues, atoms: 2, 2
          Classifications: {'water': 2}
          Link IDs: {None: 1}
      Conformer: "u"
        Number of residues, atoms: 2, 2
          Classifications: {'water': 2}
          Link IDs: {None: 1}
      Conformer: "k"
        Number of residues, atoms: 1, 1
          Classifications: {'water': 1}
      Conformer: "E"
        Number of residues, atoms: 1, 1
          Classifications: {'water': 1}
      Conformer: "D"
        Number of residues, atoms: 1, 1
          Classifications: {'water': 1}
      Conformer: "m"
        Number of residues, atoms: 4, 4
          Classifications: {'water': 4}
          Link IDs: {None: 3}
      Conformer: "n"
        Number of residues, atoms: 2, 2
          Classifications: {'water': 2}
          Link IDs: {None: 1}
      Conformer: "T"
        Number of residues, atoms: 1, 1
          Classifications: {'water': 1}
      Conformer: "N"
        Number of residues, atoms: 4, 4
          Classifications: {'water': 4}
          Link IDs: {None: 3}
      Conformer: "R"
        Number of residues, atoms: 2, 2
          Classifications: {'water': 2}
          Link IDs: {None: 1}
      Conformer: "b"
        Number of residues, atoms: 4, 4
          Classifications: {'water': 4}
          Link IDs: {None: 3}
      Conformer: "l"
        Number of residues, atoms: 1, 1
          Classifications: {'water': 1}
      Conformer: "B"
        Number of residues, atoms: 1, 1
          Classifications: {'water': 1}
      Conformer: "F"
        Number of residues, atoms: 1, 1
          Classifications: {'water': 1}
      Conformer: "J"
        Number of residues, atoms: 2, 2
          Classifications: {'water': 2}
          Link IDs: {None: 1}
      Conformer: "e"
        Number of residues, atoms: 1, 1
          Classifications: {'water': 1}
      Conformer: "Z"
        Number of residues, atoms: 1, 1
          Classifications: {'water': 1}
  Residues with excluded nonbonded symmetry interactions: 192
    residue:
      pdb=" N  AVAL A   1 " occ=0.10
      ... (142 atoms not shown)
      pdb="HG23HVAL A   1 " occ=0.18
    residue:
      pdb=" N  ALYS A   2 " occ=0.13
      ... (240 atoms not shown)
      pdb=" HZ3KLYS A   2 " occ=0.09
    residue:
      pdb=" N  AASP A   3 " occ=0.14
      ... (94 atoms not shown)
      pdb=" HB3HASP A   3 " occ=0.10
    residue:
      pdb=" N  AGLY A   4 " occ=0.25
      ... (19 atoms not shown)
      pdb=" HA3CGLY A   4 " occ=0.42
    residue:
      pdb=" N  ATYR A   5 " occ=0.25
      ... (98 atoms not shown)
      pdb=" HE2ETYR A   5 " occ=0.10
    residue:
      pdb=" N  AILE A   6 " occ=0.31
      ... (55 atoms not shown)
      pdb="HD13CILE A   6 " occ=0.35
    residue:
      pdb=" N  AVAL A   7 " occ=0.09
      ... (126 atoms not shown)
      pdb="HG23HVAL A   7 " occ=0.12
    residue:
      pdb=" N  AASP A   8 " occ=0.05
      ... (190 atoms not shown)
      pdb=" HB3PASP A   8 " occ=0.08
    residue:
      pdb=" N  AASP A   9 " occ=0.07
      ... (202 atoms not shown)
      pdb=" HB3SASP A   9 " occ=0.05
    residue:
      pdb=" N  AVAL A  10 " occ=0.09
      ... (254 atoms not shown)
      pdb="HG23PVAL A  10 " occ=0.14
    residue:
      pdb=" N  AASN A  11 " occ=0.27
      ... (40 atoms not shown)
      pdb="HD22CASN A  11 " occ=0.37
    residue:
      pdb=" N  ACYS A  12 " occ=0.04
      ... (158 atoms not shown)
      pdb=" HB3PCYS A  12 " occ=0.14
    ... (remaining 180 not shown)
  Time building chain proxies: 2.22, per 1000 atoms: 0.22
  Number of scatterers: 10016
  At special positions: 0
  Unit cell: (45.9, 40.7, 30.1, 90, 90, 90)
  Space group: P 21 21 21 (No. 19)
  Number of sites at special positions: 0
  Number of scattering types: 5
    Type Number    sf(0)
     S      64     16.00
     O    1094      8.00
     N     972      7.00
     C    3196      6.00
     H    4690      1.00
    sf(0) = scattering factor at diffraction angle 0.

  Number of disulfides: simple=27, symmetry=0
    Simple disulfide: pdb=" SG ACYS A  12 " - pdb=" SG ACYS A  63 " distance=2.02
    Simple disulfide: pdb=" SG ACYS A  16 " - pdb=" SG ACYS A  36 " distance=2.03
    Simple disulfide: pdb=" SG ACYS A  22 " - pdb=" SG ACYS A  46 " distance=2.05
    Simple disulfide: pdb=" SG ACYS A  26 " - pdb=" SG ACYS A  48 " distance=2.05
    Simple disulfide: pdb=" SG BCYS A  12 " - pdb=" SG BCYS A  63 " distance=2.02
    Simple disulfide: pdb=" SG BCYS A  16 " - pdb=" SG BCYS A  36 " distance=2.03
    Simple disulfide: pdb=" SG BCYS A  22 " - pdb=" SG BCYS A  46 " distance=2.07
    Simple disulfide: pdb=" SG BCYS A  26 " - pdb=" SG BCYS A  48 " distance=2.09
    Simple disulfide: pdb=" SG CCYS A  12 " - pdb=" SG CCYS A  63 " distance=2.00
    Simple disulfide: pdb=" SG CCYS A  16 " - pdb=" SG CCYS A  36 " distance=2.03
    Simple disulfide: pdb=" SG CCYS A  22 " - pdb=" SG CCYS A  46 " distance=2.03
    Simple disulfide: pdb=" SG CCYS A  26 " - pdb=" SG CCYS A  48 " distance=2.02
    Simple disulfide: pdb=" SG DCYS A  12 " - pdb=" SG DCYS A  63 " distance=2.03
    Simple disulfide: pdb=" SG DCYS A  16 " - pdb=" SG DCYS A  36 " distance=2.04
    Simple disulfide: pdb=" SG DCYS A  26 " - pdb=" SG DCYS A  48 " distance=2.00
    Simple disulfide: pdb=" SG ECYS A  12 " - pdb=" SG ECYS A  63 " distance=2.03
    Simple disulfide: pdb=" SG ECYS A  16 " - pdb=" SG ECYS A  36 " distance=2.04
    Simple disulfide: pdb=" SG FCYS A  12 " - pdb=" SG FCYS A  63 " distance=2.04
    Simple disulfide: pdb=" SG FCYS A  16 " - pdb=" SG FCYS A  36 " distance=2.03
    Simple disulfide: pdb=" SG GCYS A  12 " - pdb=" SG GCYS A  63 " distance=2.04
    Simple disulfide: pdb=" SG GCYS A  16 " - pdb=" SG GCYS A  36 " distance=2.03
    Simple disulfide: pdb=" SG HCYS A  12 " - pdb=" SG HCYS A  63 " distance=2.03
    Simple disulfide: pdb=" SG HCYS A  16 " - pdb=" SG HCYS A  36 " distance=2.02
    Simple disulfide: pdb=" SG ICYS A  16 " - pdb=" SG ICYS A  36 " distance=2.03
    Simple disulfide: pdb=" SG JCYS A  16 " - pdb=" SG JCYS A  36 " distance=2.03
    Simple disulfide: pdb=" SG KCYS A  16 " - pdb=" SG KCYS A  36 " distance=2.03
    Simple disulfide: pdb=" SG LCYS A  16 " - pdb=" SG LCYS A  36 " distance=2.02

  Automatic linking
    Parameters for automatic linking
      Linking & cutoffs
        Metal                : Auto  - 3.00
        Amino acid           : True  - 1.90
        Carbohydrate         : True  - 1.99
        Ligands              : True  - 1.99
        Small molecules      : False - 1.98
        Amino acid - RNA/DNA : False
      
  Number of custom bonds: simple=0, symmetry=0
  Time building additional restraints: 1.41
  Conformation dependent library (CDL) restraints added in 173.1 milliseconds
  
  Time building geometry restraints manager: 1.76 seconds

  NOTE: a complete listing of the restraints can be obtained by requesting
        output of .geo file.

  Histogram of bond lengths:
        0.86 -     1.06: 4690
        1.06 -     1.27: 881
        1.27 -     1.47: 1989
        1.47 -     1.67: 2184
        1.67 -     1.88: 67
  Bond restraints: 9811
  Sorted by residual:
  bond pdb=" C  NLYS A  28 "
       pdb=" N  NLYS A  30 "
    ideal  model  delta    sigma   weight residual
    1.329  1.656 -0.327 1.40e-02 5.10e+03 5.44e+02
  bond pdb=" CA NLYS A  28 "
       pdb=" C  NLYS A  28 "
    ideal  model  delta    sigma   weight residual
    1.523  1.692 -0.169 1.34e-02 5.57e+03 1.59e+02
  bond pdb=" N  NLYS A  30 "
       pdb=" CA NLYS A  30 "
    ideal  model  delta    sigma   weight residual
    1.458  1.666 -0.208 1.90e-02 2.77e+03 1.19e+02
  bond pdb=" CA NLYS A  28 "
       pdb=" CB NLYS A  28 "
    ideal  model  delta    sigma   weight residual
    1.530  1.686 -0.156 1.69e-02 3.50e+03 8.49e+01
  bond pdb=" CB NLYS A  28 "
       pdb=" CG NLYS A  28 "
    ideal  model  delta    sigma   weight residual
    1.520  1.707 -0.187 3.00e-02 1.11e+03 3.87e+01
  ... (remaining 9806 not shown)

  Histogram of bond angle deviations from ideal:
        0.00 -     5.70: 17157
        5.70 -    11.39: 15
       11.39 -    17.09: 3
       17.09 -    22.79: 4
       22.79 -    28.49: 3
  Bond angle restraints: 17182
  Sorted by residual:
  angle pdb=" C  NLYS A  28 "
        pdb=" N  NLYS A  30 "
        pdb=" CA NLYS A  30 "
      ideal   model   delta    sigma   weight residual
     121.70  150.19  -28.49 1.80e+00 3.09e-01 2.50e+02
  angle pdb=" CA NLYS A  28 "
        pdb=" C  NLYS A  28 "
        pdb=" O  NLYS A  28 "
      ideal   model   delta    sigma   weight residual
     120.51  101.85   18.66 1.43e+00 4.89e-01 1.70e+02
  angle pdb=" C  NLYS A  28 "
        pdb=" CA NLYS A  28 "
        pdb=" CB NLYS A  28 "
      ideal   model   delta    sigma   weight residual
     110.42  133.61  -23.19 1.99e+00 2.53e-01 1.36e+02
  angle pdb=" CA NLYS A  28 "
        pdb=" C  NLYS A  28 "
        pdb=" N  NLYS A  30 "
      ideal   model   delta    sigma   weight residual
     116.84  132.96  -16.12 1.71e+00 3.42e-01 8.89e+01
  angle pdb=" C  NLYS A  28 "
        pdb=" CA NLYS A  28 "
        pdb=" HA NLYS A  28 "
      ideal   model   delta    sigma   weight residual
     109.00   82.79   26.21 3.00e+00 1.11e-01 7.63e+01
  ... (remaining 17177 not shown)

  Histogram of dihedral angle deviations from ideal:
        0.00 -    17.54: 2854
       17.54 -    35.09: 305
       35.09 -    52.63: 122
       52.63 -    70.17: 80
       70.17 -    87.72: 16
  Dihedral angle restraints: 3377
    sinusoidal: 2534
      harmonic: 843
  Sorted by residual:
  dihedral pdb=" CA NLYS A  28 "
           pdb=" C  NLYS A  28 "
           pdb=" N  NLYS A  30 "
           pdb=" CA NLYS A  30 "
      ideal   model   delta  harmonic     sigma   weight residual
     180.00  121.54   58.46     0      5.00e+00 4.00e-02 1.37e+02
  dihedral pdb=" CA FGLU A  25 "
           pdb=" C  FGLU A  25 "
           pdb=" N  FLYS A  28 "
           pdb=" CA FLYS A  28 "
      ideal   model   delta  harmonic     sigma   weight residual
     180.00  135.23   44.77     0      5.00e+00 4.00e-02 8.02e+01
  dihedral pdb=" CA JLYS A  28 "
           pdb=" C  JLYS A  28 "
           pdb=" N  JLYS A  30 "
           pdb=" CA JLYS A  30 "
      ideal   model   delta  harmonic     sigma   weight residual
     180.00  140.97   39.03     0      5.00e+00 4.00e-02 6.09e+01
  ... (remaining 3374 not shown)

  Histogram of chiral volume deviations from ideal:
       0.000 -    0.142: 614
       0.142 -    0.284: 36
       0.284 -    0.426: 2
       0.426 -    0.568: 0
       0.568 -    0.710: 1
  Chirality restraints: 653
  Sorted by residual:
  chirality pdb=" CA NLYS A  28 "
            pdb=" N  NLYS A  28 "
            pdb=" C  NLYS A  28 "
            pdb=" CB NLYS A  28 "
    both_signs  ideal   model   delta    sigma   weight residual
      False      2.51    1.80    0.71 2.00e-01 2.50e+01 1.26e+01
  chirality pdb=" CA NLYS A  30 "
            pdb=" N  NLYS A  30 "
            pdb=" C  NLYS A  30 "
            pdb=" CB NLYS A  30 "
    both_signs  ideal   model   delta    sigma   weight residual
      False      2.51    2.14    0.37 2.00e-01 2.50e+01 3.41e+00
  chirality pdb=" CA FGLU A  25 "
            pdb=" N  FGLU A  25 "
            pdb=" C  FGLU A  25 "
            pdb=" CB FGLU A  25 "
    both_signs  ideal   model   delta    sigma   weight residual
      False      2.51    2.22    0.29 2.00e-01 2.50e+01 2.14e+00
  ... (remaining 650 not shown)

  Planarity restraints: 1100
  Sorted by residual:
                                 delta    sigma   weight rms_deltas residual
  plane pdb=" CB BTYR A  49 "   -0.065 2.00e-02 2.50e+03   3.61e-02 3.91e+01
        pdb=" CG BTYR A  49 "   -0.036 2.00e-02 2.50e+03
        pdb=" CD1BTYR A  49 "    0.020 2.00e-02 2.50e+03
        pdb=" CD2BTYR A  49 "    0.009 2.00e-02 2.50e+03
        pdb=" CE1BTYR A  49 "   -0.010 2.00e-02 2.50e+03
        pdb=" CE2BTYR A  49 "    0.002 2.00e-02 2.50e+03
        pdb=" CZ BTYR A  49 "   -0.023 2.00e-02 2.50e+03
        pdb=" OH BTYR A  49 "   -0.014 2.00e-02 2.50e+03
        pdb=" HD1BTYR A  49 "    0.079 2.00e-02 2.50e+03
        pdb=" HD2BTYR A  49 "    0.044 2.00e-02 2.50e+03
        pdb=" HE1BTYR A  49 "   -0.020 2.00e-02 2.50e+03
        pdb=" HE2BTYR A  49 "    0.014 2.00e-02 2.50e+03
                                 delta    sigma   weight rms_deltas residual
  plane pdb=" CB GPHE A  15 "   -0.074 2.00e-02 2.50e+03   2.87e-02 2.47e+01
        pdb=" CG GPHE A  15 "    0.047 2.00e-02 2.50e+03
        pdb=" CD1GPHE A  15 "    0.020 2.00e-02 2.50e+03
        pdb=" CD2GPHE A  15 "    0.022 2.00e-02 2.50e+03
        pdb=" CE1GPHE A  15 "   -0.000 2.00e-02 2.50e+03
        pdb=" CE2GPHE A  15 "   -0.004 2.00e-02 2.50e+03
        pdb=" CZ GPHE A  15 "   -0.007 2.00e-02 2.50e+03
        pdb=" HD1GPHE A  15 "    0.015 2.00e-02 2.50e+03
        pdb=" HD2GPHE A  15 "    0.023 2.00e-02 2.50e+03
        pdb=" HE1GPHE A  15 "   -0.010 2.00e-02 2.50e+03
        pdb=" HE2GPHE A  15 "   -0.018 2.00e-02 2.50e+03
        pdb=" HZ GPHE A  15 "   -0.014 2.00e-02 2.50e+03
                                 delta    sigma   weight rms_deltas residual
  plane pdb=" CB CTYR A  35 "   -0.063 2.00e-02 2.50e+03   2.70e-02 2.19e+01
        pdb=" CG CTYR A  35 "   -0.002 2.00e-02 2.50e+03
        pdb=" CD1CTYR A  35 "    0.012 2.00e-02 2.50e+03
        pdb=" CD2CTYR A  35 "    0.019 2.00e-02 2.50e+03
        pdb=" CE1CTYR A  35 "    0.003 2.00e-02 2.50e+03
        pdb=" CE2CTYR A  35 "   -0.004 2.00e-02 2.50e+03
        pdb=" CZ CTYR A  35 "    0.005 2.00e-02 2.50e+03
        pdb=" OH CTYR A  35 "   -0.018 2.00e-02 2.50e+03
        pdb=" HD1CTYR A  35 "    0.028 2.00e-02 2.50e+03
        pdb=" HD2CTYR A  35 "    0.049 2.00e-02 2.50e+03
        pdb=" HE1CTYR A  35 "   -0.005 2.00e-02 2.50e+03
        pdb=" HE2CTYR A  35 "   -0.025 2.00e-02 2.50e+03
  ... (remaining 1097 not shown)

  Histogram of nonbonded interaction distances:
        1.39 -     2.04: 141
        2.04 -     2.68: 12604
        2.68 -     3.32: 24003
        3.32 -     3.96: 27997
        3.96 -     4.60: 41786
  Nonbonded interactions: 106531
  Sorted by model distance:
  nonbonded pdb=" HA OGLU A  25 "
            pdb=" HB2OLYS A  28 "
     model   vdw
     1.394 2.440
  nonbonded pdb="HD22BASN A  11 "
            pdb=" HZ1BLYS A  58 "
     model   vdw
     1.580 2.100
  nonbonded pdb="HH22NARG A  56 "
            pdb=" HE1NHIS A  64 "
     model   vdw sym.op.
     1.609 2.100 -x+1/2,-y,z+1/2
  nonbonded pdb=" HZ3BLYS A   2 "
            pdb=" OG1BTHR A  57 "
     model   vdw
     1.692 2.450
  nonbonded pdb="HH11AARG A  62 "
            pdb=" HB3AHIS A  64 "
     model   vdw
     1.741 2.270
  ... (remaining 106526 not shown)

  NOTE: a complete listing of the restraints can be obtained by requesting
        output of .geo file.

============================== Scattering factors =============================


                ----------X-ray scattering dictionary----------                

Number of scattering types: 5
  Type Number    sf(0)   Gaussians
   S      64     15.96       2
   O    1094      7.97       2
   N     972      6.98       3
   C    3196      5.99       3
   H    4690      1.00       3
  sf(0) = scattering factor at diffraction angle 0.

=========================== Regularize ADP if needed ==========================


========================== Anomalous scatterer groups =========================

All atoms refined with f_prime=0 and f_double_prime=0.

====================== Modifying start model if requested =====================

n_use            =  10016
n_use_u_iso      =  10016
n_use_u_aniso    =  0
n_grad_site      =  0
n_grad_u_iso     =  0
n_grad_u_aniso   =  0
n_grad_occupancy =  0
n_grad_fp        =  0
n_grad_fdp       =  0
total number of scatterers =  10016

================== Extract refinement strategy and selections =================

Refinement flags and selection counts:
  individual_sites       =  True (10016 atoms)
  torsion_angles         = False (0 atoms)
  rigid_body             = False (0 atoms in 0 groups)
  individual_adp         =  True (iso = 10016 aniso = 0)
  group_adp              = False (0 atoms in 0 groups)
  tls                    = False (0 atoms in 0 groups)
  occupancies            =  True (10004 atoms)
  group_anomalous        = False

============================ Non-default parameters ===========================

A complete record of all parameters was written to the .eff file above.
Below are only the non-defaults.

#phil __ON__
refinement {
  input {
    bulk_solvent_map {
      file_name = "/home/jamesh/projects/phenix_user_solvent/squish_phenix/solvent_Fpart_updated.mtz"
      amplitudes_label = "Fpart"
      phases_label = "PHIpart"
    }
  }
  output {
    export_final_f_model = True
  }
  electron_density_maps {
    map_coefficients {
      map_type = "2mFo-DFc"
      mtz_label_amplitudes = "2FOFCWT"
      mtz_label_phases = "PH2FOFCWT"
      fill_missing_f_obs = True
    }
    map_coefficients {
      map_type = "2mFo-DFc"
      mtz_label_amplitudes = "2FOFCWT_no_fill"
      mtz_label_phases = "PH2FOFCWT_no_fill"
    }
    map_coefficients {
      map_type = "mFo-DFc"
      mtz_label_amplitudes = "FOFCWT"
      mtz_label_phases = "PHFOFCWT"
    }
    map_coefficients {
      map_type = "anomalous"
      mtz_label_amplitudes = "ANOM"
      mtz_label_phases = "PANOM"
    }
    map {
      map_type = "2mFo-DFc"
      fill_missing_f_obs = True
    }
    map {
      map_type = "2mFo-DFc"
    }
    map {
      map_type = "mFo-DFc"
    }
  }
  hydrogens {
    refine = individual *riding Auto
  }
  pdb_interpretation {
    c_beta_restraints = False
    nonbonded_weight = 16
  }
  reference_model {
    side_chain = True
    fix_outliers = True
  }
}
output {
  prefix = "updatedsolvent"
  serial = 3
  target_output_format = None *pdb mmcif
  overwrite = True
}
#phil __OFF__


================================== Hydrogens ==================================

Residue TYR    5 is missing expected H atoms. Skipping.
Residue TYR    5 is missing expected H atoms. Skipping.
Residue TYR    5 is missing expected H atoms. Skipping.
Residue TYR    5 is missing expected H atoms. Skipping.
Residue TYR    5 is missing expected H atoms. Skipping.
Residue THR   13 is missing expected H atoms. Skipping.
Residue THR   13 is missing expected H atoms. Skipping.
Residue THR   13 is missing expected H atoms. Skipping.
Residue THR   13 is missing expected H atoms. Skipping.
Residue THR   13 is missing expected H atoms. Skipping.
Residue THR   13 is missing expected H atoms. Skipping.
Residue THR   13 is missing expected H atoms. Skipping.
Residue THR   13 is missing expected H atoms. Skipping.
Residue TYR   14 is missing expected H atoms. Skipping.
Residue TYR   14 is missing expected H atoms. Skipping.
Residue TYR   14 is missing expected H atoms. Skipping.
Residue TYR   21 is missing expected H atoms. Skipping.
Residue TYR   21 is missing expected H atoms. Skipping.
Residue TYR   21 is missing expected H atoms. Skipping.
Residue TYR   21 is missing expected H atoms. Skipping.
Residue TYR   21 is missing expected H atoms. Skipping.
Residue TYR   21 is missing expected H atoms. Skipping.
Residue TYR   21 is missing expected H atoms. Skipping.
Residue TYR   21 is missing expected H atoms. Skipping.
Residue TYR   21 is missing expected H atoms. Skipping.
Residue TYR   21 is missing expected H atoms. Skipping.
Residue TYR   21 is missing expected H atoms. Skipping.
Residue TYR   21 is missing expected H atoms. Skipping.
Residue TYR   21 is missing expected H atoms. Skipping.
Residue TYR   21 is missing expected H atoms. Skipping.
Residue TYR   21 is missing expected H atoms. Skipping.
Residue TYR   21 is missing expected H atoms. Skipping.
Residue THR   27 is missing expected H atoms. Skipping.
Residue THR   27 is missing expected H atoms. Skipping.
Residue THR   27 is missing expected H atoms. Skipping.
Residue THR   27 is missing expected H atoms. Skipping.
Residue THR   27 is missing expected H atoms. Skipping.
Residue THR   27 is missing expected H atoms. Skipping.
Residue THR   27 is missing expected H atoms. Skipping.
Residue THR   27 is missing expected H atoms. Skipping.
Residue THR   27 is missing expected H atoms. Skipping.
Residue THR   27 is missing expected H atoms. Skipping.
Residue THR   27 is missing expected H atoms. Skipping.
Residue THR   27 is missing expected H atoms. Skipping.
Residue THR   27 is missing expected H atoms. Skipping.
Residue THR   27 is missing expected H atoms. Skipping.
Residue SER   33 is missing expected H atoms. Skipping.
Residue SER   33 is missing expected H atoms. Skipping.
Residue SER   33 is missing expected H atoms. Skipping.
Residue TYR   35 is missing expected H atoms. Skipping.
Residue TYR   35 is missing expected H atoms. Skipping.
Residue TYR   35 is missing expected H atoms. Skipping.
Residue SER   40 is missing expected H atoms. Skipping.
Residue SER   40 is missing expected H atoms. Skipping.
Residue SER   40 is missing expected H atoms. Skipping.
Residue TYR   42 is missing expected H atoms. Skipping.
Residue TYR   42 is missing expected H atoms. Skipping.
Residue TYR   42 is missing expected H atoms. Skipping.
Residue TYR   42 is missing expected H atoms. Skipping.
Residue TYR   42 is missing expected H atoms. Skipping.
Residue TYR   42 is missing expected H atoms. Skipping.
Residue TYR   42 is missing expected H atoms. Skipping.
Residue TYR   42 is missing expected H atoms. Skipping.
Residue TYR   42 is missing expected H atoms. Skipping.
Residue TYR   42 is missing expected H atoms. Skipping.
Residue TYR   42 is missing expected H atoms. Skipping.
Residue TYR   42 is missing expected H atoms. Skipping.
Residue TYR   42 is missing expected H atoms. Skipping.
Residue TYR   42 is missing expected H atoms. Skipping.
Residue TYR   42 is missing expected H atoms. Skipping.
Residue TYR   42 is missing expected H atoms. Skipping.
Residue TYR   47 is missing expected H atoms. Skipping.
Residue TYR   47 is missing expected H atoms. Skipping.
Residue TYR   47 is missing expected H atoms. Skipping.
Residue TYR   47 is missing expected H atoms. Skipping.
Residue TYR   49 is missing expected H atoms. Skipping.
Residue TYR   49 is missing expected H atoms. Skipping.
Residue TYR   49 is missing expected H atoms. Skipping.
Residue THR   57 is missing expected H atoms. Skipping.
Residue THR   57 is missing expected H atoms. Skipping.
Residue THR   57 is missing expected H atoms. Skipping.
Total:
  count: 4690
  occupancy sum: 442.35 (% of total atoms  45.70)
Rotatable:
  count: 620
  occupancy sum:  66.37 (% of total atoms   6.86)

   ----------structure factors based statistics (before refinement)----------  


                         ----------X-ray data----------                        

|--(resolution: 0.96 - 15.82 A, n_refl.=31001 (all), 5.17  % free)------------|
|                                                                             |
| r_work= 0.1653 r_free= 0.1797 coordinate error (max.-lik. estimate): 0.05 A |
|                                                                             |
| normalized target function (ml) (work): 3.327508                            |
| target function (ml) not normalized (work): 97822.073241                    |
| target function (ml) not normalized (free): 5478.213231                     |
|-----------------------------------------------------------------------------|

|-----------------------------------------------------------------------------|
| Bin     Resolution   Compl.  No. Refl.    R-factors          Targets        |
|number     range              work test   work   test        work        test|
|  1:   15.82 -    2.14 0.96   3039  159 0.2190 0.2256      5.1709      5.1681|
|  2:    2.14 -    1.70 0.98   2964  163 0.1489 0.1595       4.382      4.4108|
|  3:    1.70 -    1.49 0.96   2887  166 0.1289 0.1483       3.432      3.5491|
|  4:    1.49 -    1.35 0.96   2884  139 0.1180 0.1398      3.1015      3.1878|
|  5:    1.35 -    1.25 0.95   2793  169 0.1132 0.1397      2.8712      2.9473|
|  6:    1.25 -    1.18 0.94   2774  154 0.1135 0.1485      2.8029      2.9708|
|  7:    1.18 -    1.12 0.93   2753  146 0.1206 0.1387      2.7676      2.9342|
|  8:    1.12 -    1.07 0.87   2553  144 0.1502 0.1585      2.8766      3.0034|
|  9:    1.07 -    1.03 0.83   2459  121 0.1803 0.1977      2.8798      2.9831|
| 10:    1.03 -    1.00 0.81   2376  130 0.2156 0.2559      2.9139      3.0469|
| 11:    1.00 -    0.96 0.66   1916  112 0.2394 0.2547      2.8727      2.9621|
|-----------------------------------------------------------------------------|

|-----------------------------------------------------------------------------|
|R-free likelihood based estimates for figures of merit, absolute phase error,|
|and distribution parameters alpha and beta (Acta Cryst. (1995). A51, 880-887)|
|                                                                             |
| Bin     Resolution      No. Refl.   FOM  Phase Scale    Alpha        Beta   |
|  #        range        work  test        error factor                       |
|  1:   15.82 -    2.14  3039   159  0.79  26.77   0.96     0.90       4792.83|
|  2:    2.14 -    1.70  2964   163  0.78  28.13   1.07     1.01       1758.17|
|  3:    1.70 -    1.49  2887   166  0.93  11.88   1.09     1.07        184.30|
|  4:    1.49 -    1.35  2884   139  0.95  10.46   1.07     1.06         91.30|
|  5:    1.35 -    1.25  2793   169  0.96   9.28   1.06     1.05         55.76|
|  6:    1.25 -    1.18  2774   154  0.96   9.35   1.05     1.05         47.22|
|  7:    1.18 -    1.12  2753   146  0.95  10.29   1.06     1.03         45.72|
|  8:    1.12 -    1.07  2553   144  0.95  12.34   1.03     1.01         48.04|
|  9:    1.07 -    1.03  2459   121  0.91  16.30   1.03     0.98         51.78|
| 10:    1.03 -    1.00  2376   130  0.88  19.83   1.03     0.97         55.87|
| 11:    1.00 -    0.96  1916   112  0.85  23.17   1.01     0.95         59.34|
|alpha:            min =        0.90 max =            1.07 mean =         1.01|
|beta:             min =       45.72 max =         4792.83 mean =       730.70|
|figures of merit: min =        0.00 max =            1.00 mean =         0.90|
|phase err.(work): min =        0.00 max =           89.86 mean =        16.07|
|phase err.(test): min =        0.00 max =           88.56 mean =        15.71|
|-----------------------------------------------------------------------------|

        ----------Initial model statistics (before refinement)----------       


  Geometry Restraints Library: GeoStd + Monomer Library + CDL v1.2
  Deviations from Ideal Values - rmsd, rmsZ for bonds and angles.
    Bond      :  0.010   0.327   5148  Z= 0.555
    Angle     :  1.166  28.487   6554  Z= 0.627
    Chirality :  0.075   0.710    653
    Planarity :  0.012   0.107    721
    Dihedral  : 16.667  87.717   1845
    Min Nonbonded Distance : 2.211
  
  Molprobity Statistics.
    All-atom Clashscore : None
    Ramachandran Plot:
      Outliers :  0.00 %
      Allowed  :  6.78 %
      Favored  : 93.22 %
    Rotamer:
      Outliers :  2.15 %
      Allowed  :  5.90 %
      Favored  : 91.95 %
    Cbeta Deviations :  0.35 %
    Peptide Plane:
      Cis-proline     : 0.00 %
      Cis-general     : 0.26 %
      Twisted Proline : 0.00 %
      Twisted General : 0.79 %
  
  Rama-Z values with (uncertainties):
  Interpretation: poor |Rama-Z| > 3; suspicious 2 < |Rama-Z| < 3; good |Rama-Z| < 2.
  Scores below are scaled independently, so they are not related in a simple way.
    whole: -3.45 (0.41), residues: 288
    helix: -3.12 (0.49), residues: 65
    sheet: -2.21 (0.66), residues: 46
    loop : -2.02 (0.40), residues: 177
    
  
  Details of bonding type rmsd/Z
    covalent geometry    : bond        0.01019 /  0.55 ( 5121)
    covalent geometry    : angle       1.16425 /  0.63 ( 6500)
    SS BOND              : bond        0.01680 /  0.80 (   27)
    SS BOND              : angle       1.34856 /  0.82 (   54)

 Individual atomic B
                min    max   mean <Bi,j>   iso aniso
   Overall:    0.96  55.42   6.11   1.17  5326     0
   Protein:    1.73  17.64   5.97   1.17  5198     0
   Water:      0.96  55.42  11.75    N/A   128     0
   Chain  A:   1.73  17.64   5.97    N/A  5198     0
   Chain  z:   0.96  55.42  11.75    N/A   128     0
   Histogram:
       Values      Number of atoms
     0.96 - 6.41       3920
     6.41 - 11.85      1291
    11.85 - 17.30        98
    17.30 - 22.74        10
    22.74 - 28.19         4
    28.19 - 33.64         1
    33.64 - 39.08         1
    39.08 - 44.53         0
    44.53 - 49.97         0
    49.97 - 55.42         1

|-Occupancies statistics------------------------------------------------------|
| *** WARNING: more than 30 % of atoms with small occupancy (< 0.1)       *** |
| occupancies: max = 0.68   min = 0.00   number of occupancies < 0.1 = 6565   |
|-----------------------------------------------------------------------------|
Writing MTZ file:
  /home/jamesh/projects/phenix_user_solvent/squish_phenix/refine_updated/updatedsolvent_data.mtz


=================== Write initial parameters into .eff file ===================



*********************** REFINEMENT MACRO_CYCLE 1 OF 3 *************************

|--(resolution: 0.96 - 15.82 A, n_refl.=31001 (all), 5.17  % free)------------|
|                                                                             |
| r_work= 0.1653 r_free= 0.1797 coordinate error (max.-lik. estimate): 0.05 A |
|                                                                             |
| normalized target function (ml) (work): 3.327508                            |
| target function (ml) not normalized (work): 97822.073241                    |
| target function (ml) not normalized (free): 5478.213231                     |
|-----------------------------------------------------------------------------|

=========================== Bulk-solvent and scaling ==========================


============================= updating all scales =============================

                   start: r(all,work,free)=0.1660 0.1653 0.1797 n_refl.: 31001
       re-set all scales: r(all,work,free)=0.1660 0.1653 0.1797 n_refl.: 31001
         remove outliers: r(all,work,free)=0.1660 0.1653 0.1797 n_refl.: 31001
overall B=-0.01 to atoms: r(all,work,free)=0.1659 0.1652 0.1796 n_refl.: 31001
bulk-solvent and scaling: r(all,work,free)=0.0893 0.0884 0.1062 n_refl.: 31001
         remove outliers: r(all,work,free)=0.0881 0.0872 0.1056 n_refl.: 30987

bulk-solvent scaling B-values (mode: fast):
  b_isotropic: 0.0053

 ======================== Statistics in resolution bins ======================== 

Total model structure factor:
  F_model = k_total * (F_calc + k_mask * F_mask)

    k_total = k_isotropic * k_anisotropic
   Resolution    Compl Nwork Nfree R_work    <Fobs>  <Fmodel> kiso   kani kmask
 14.116-6.710    82.05    89     7 0.2299   119.874    96.423 0.699 0.932 0.860
  6.681-5.432    92.59    98     2 0.1625   150.525   147.968 0.898 0.930 0.874
  5.422-4.402    83.85   154     7 0.1052   195.017   194.103 0.950 0.933 0.877
  4.390-3.571    90.83   300    17 0.0967   204.579   204.366 0.984 0.932 0.878
  3.569-2.898    96.33   573    31 0.0982   165.163   164.276 0.992 0.932 0.880
  2.897-2.351    98.62  1089    54 0.0893   127.008   126.030 1.007 0.932 0.880
  2.351-1.908    98.22  1984   112 0.0748    98.405    97.588 1.043 0.931 0.880
  1.908-1.548    96.66  3625   194 0.0645    61.037    60.978 1.061 0.933 0.910
  1.548-1.256    95.41  6578   369 0.0581    38.263    38.206 1.063 0.933 0.991
  1.256-1.020    88.52 11339   607 0.0966    24.661    24.405 1.036 0.936 1.050
  1.020-0.965    71.91  3556   202 0.2062    15.792    14.950 1.005 0.944 1.051

  Approximation of k_total with k_overall*exp(-b_overall*s**2/4)
    k_overall=0.9648   b_overall=-0.0161 

============================ Set refinement target ============================

  using refinement target ls_wunit_k1 


================================== NQH flips ==================================

r_work=0.0872 r_free=0.1056
Analyzing N/Q/H residues for possible flip corrections...

Total number of N/Q/H flips: 0

r_work=0.0872 r_free=0.1056

========================= Local real-space refinement =========================

Before:
  r_work=0.0872 r_free=0.1056
  0 residues out of total 0 (non-[ALA,GLY,PRO]) need to be fit.
    rotamer outliers: 0
    poor density    : 0
  time to evaluate  : 0.183 
Residue TYR    5 is missing expected H atoms. Skipping.
Residue TYR    5 is missing expected H atoms. Skipping.
Residue TYR    5 is missing expected H atoms. Skipping.
Residue TYR    5 is missing expected H atoms. Skipping.
Residue TYR    5 is missing expected H atoms. Skipping.
Residue THR   13 is missing expected H atoms. Skipping.
Residue THR   13 is missing expected H atoms. Skipping.
Residue THR   13 is missing expected H atoms. Skipping.
Residue THR   13 is missing expected H atoms. Skipping.
Residue THR   13 is missing expected H atoms. Skipping.
Residue THR   13 is missing expected H atoms. Skipping.
Residue THR   13 is missing expected H atoms. Skipping.
Residue THR   13 is missing expected H atoms. Skipping.
Residue TYR   14 is missing expected H atoms. Skipping.
Residue TYR   14 is missing expected H atoms. Skipping.
Residue TYR   14 is missing expected H atoms. Skipping.
Residue TYR   21 is missing expected H atoms. Skipping.
Residue TYR   21 is missing expected H atoms. Skipping.
Residue TYR   21 is missing expected H atoms. Skipping.
Residue TYR   21 is missing expected H atoms. Skipping.
Residue TYR   21 is missing expected H atoms. Skipping.
Residue TYR   21 is missing expected H atoms. Skipping.
Residue TYR   21 is missing expected H atoms. Skipping.
Residue TYR   21 is missing expected H atoms. Skipping.
Residue TYR   21 is missing expected H atoms. Skipping.
Residue TYR   21 is missing expected H atoms. Skipping.
Residue TYR   21 is missing expected H atoms. Skipping.
Residue TYR   21 is missing expected H atoms. Skipping.
Residue TYR   21 is missing expected H atoms. Skipping.
Residue TYR   21 is missing expected H atoms. Skipping.
Residue TYR   21 is missing expected H atoms. Skipping.
Residue TYR   21 is missing expected H atoms. Skipping.
Residue THR   27 is missing expected H atoms. Skipping.
Residue THR   27 is missing expected H atoms. Skipping.
Residue THR   27 is missing expected H atoms. Skipping.
Residue THR   27 is missing expected H atoms. Skipping.
Residue THR   27 is missing expected H atoms. Skipping.
Residue THR   27 is missing expected H atoms. Skipping.
Residue THR   27 is missing expected H atoms. Skipping.
Residue THR   27 is missing expected H atoms. Skipping.
Residue THR   27 is missing expected H atoms. Skipping.
Residue THR   27 is missing expected H atoms. Skipping.
Residue THR   27 is missing expected H atoms. Skipping.
Residue THR   27 is missing expected H atoms. Skipping.
Residue THR   27 is missing expected H atoms. Skipping.
Residue THR   27 is missing expected H atoms. Skipping.
Residue SER   33 is missing expected H atoms. Skipping.
Residue SER   33 is missing expected H atoms. Skipping.
Residue SER   33 is missing expected H atoms. Skipping.
Residue TYR   35 is missing expected H atoms. Skipping.
Residue TYR   35 is missing expected H atoms. Skipping.
Residue TYR   35 is missing expected H atoms. Skipping.
Residue SER   40 is missing expected H atoms. Skipping.
Residue SER   40 is missing expected H atoms. Skipping.
Residue SER   40 is missing expected H atoms. Skipping.
Residue TYR   42 is missing expected H atoms. Skipping.
Residue TYR   42 is missing expected H atoms. Skipping.
Residue TYR   42 is missing expected H atoms. Skipping.
Residue TYR   42 is missing expected H atoms. Skipping.
Residue TYR   42 is missing expected H atoms. Skipping.
Residue TYR   42 is missing expected H atoms. Skipping.
Residue TYR   42 is missing expected H atoms. Skipping.
Residue TYR   42 is missing expected H atoms. Skipping.
Residue TYR   42 is missing expected H atoms. Skipping.
Residue TYR   42 is missing expected H atoms. Skipping.
Residue TYR   42 is missing expected H atoms. Skipping.
Residue TYR   42 is missing expected H atoms. Skipping.
Residue TYR   42 is missing expected H atoms. Skipping.
Residue TYR   42 is missing expected H atoms. Skipping.
Residue TYR   42 is missing expected H atoms. Skipping.
Residue TYR   42 is missing expected H atoms. Skipping.
Residue TYR   47 is missing expected H atoms. Skipping.
Residue TYR   47 is missing expected H atoms. Skipping.
Residue TYR   47 is missing expected H atoms. Skipping.
Residue TYR   47 is missing expected H atoms. Skipping.
Residue TYR   49 is missing expected H atoms. Skipping.
Residue TYR   49 is missing expected H atoms. Skipping.
Residue TYR   49 is missing expected H atoms. Skipping.
Residue THR   57 is missing expected H atoms. Skipping.
Residue THR   57 is missing expected H atoms. Skipping.
Residue THR   57 is missing expected H atoms. Skipping.
  outliers start: 0
  outliers final: 0
  residues processed: 0
  time to fit residues: 0.2277
After:
  r_work=0.0872 r_free=0.1056

==================== Compute data/restraints target weights ===================

|-----------------------------------------------------------------------------|
| XYZ refinement: T = Eexperimental * wxc * wxc_scale + Echem * wc            |
| wxc = 35.520926             wxc_scale = 0.500            wc = 1.000         |
|                                                                             |
| ADP refinement: T = Eexperimental * wxu * wxu_scale + Eadp  * wu            |
| wxu = 0.613311              wxu_scale = 1.000            wu = 1.000         |
|-----------------------------------------------------------------------------|


====================== XYZ individual (reciprocal space) ======================

Weight selection criteria:
  R_free deviation:  0.0000
  R_free-R_work gap: 4.0000
  Bond RMSD:         0.0250
  Angle RMSD:        3.0000

 R-FACTORS             RMSD           CLASH  RAMA  ROTA CBET WEIGHT
 work   free   delta   bonds   angl
 0.0910 0.1128 0.0218  0.008   0.9   none   0.0   2.1    0  17.760

Number of minimizer iterations: 25 (27 function evaluations)

===================== Post-minimization rotamer correction ====================

Before:
  r_work=0.0910 r_free=0.1128
  0 residues out of total 0 (non-[ALA,GLY,PRO]) need to be fit.
    rotamer outliers: 0
    poor density    : 0
  time to evaluate  : 0.179 
Residue TYR    5 is missing expected H atoms. Skipping.
Residue TYR    5 is missing expected H atoms. Skipping.
Residue TYR    5 is missing expected H atoms. Skipping.
Residue TYR    5 is missing expected H atoms. Skipping.
Residue TYR    5 is missing expected H atoms. Skipping.
Residue THR   13 is missing expected H atoms. Skipping.
Residue THR   13 is missing expected H atoms. Skipping.
Residue THR   13 is missing expected H atoms. Skipping.
Residue THR   13 is missing expected H atoms. Skipping.
Residue THR   13 is missing expected H atoms. Skipping.
Residue THR   13 is missing expected H atoms. Skipping.
Residue THR   13 is missing expected H atoms. Skipping.
Residue THR   13 is missing expected H atoms. Skipping.
Residue TYR   14 is missing expected H atoms. Skipping.
Residue TYR   14 is missing expected H atoms. Skipping.
Residue TYR   14 is missing expected H atoms. Skipping.
Residue TYR   21 is missing expected H atoms. Skipping.
Residue TYR   21 is missing expected H atoms. Skipping.
Residue TYR   21 is missing expected H atoms. Skipping.
Residue TYR   21 is missing expected H atoms. Skipping.
Residue TYR   21 is missing expected H atoms. Skipping.
Residue TYR   21 is missing expected H atoms. Skipping.
Residue TYR   21 is missing expected H atoms. Skipping.
Residue TYR   21 is missing expected H atoms. Skipping.
Residue TYR   21 is missing expected H atoms. Skipping.
Residue TYR   21 is missing expected H atoms. Skipping.
Residue TYR   21 is missing expected H atoms. Skipping.
Residue TYR   21 is missing expected H atoms. Skipping.
Residue TYR   21 is missing expected H atoms. Skipping.
Residue TYR   21 is missing expected H atoms. Skipping.
Residue TYR   21 is missing expected H atoms. Skipping.
Residue TYR   21 is missing expected H atoms. Skipping.
Residue THR   27 is missing expected H atoms. Skipping.
Residue THR   27 is missing expected H atoms. Skipping.
Residue THR   27 is missing expected H atoms. Skipping.
Residue THR   27 is missing expected H atoms. Skipping.
Residue THR   27 is missing expected H atoms. Skipping.
Residue THR   27 is missing expected H atoms. Skipping.
Residue THR   27 is missing expected H atoms. Skipping.
Residue THR   27 is missing expected H atoms. Skipping.
Residue THR   27 is missing expected H atoms. Skipping.
Residue THR   27 is missing expected H atoms. Skipping.
Residue THR   27 is missing expected H atoms. Skipping.
Residue THR   27 is missing expected H atoms. Skipping.
Residue THR   27 is missing expected H atoms. Skipping.
Residue THR   27 is missing expected H atoms. Skipping.
Residue SER   33 is missing expected H atoms. Skipping.
Residue SER   33 is missing expected H atoms. Skipping.
Residue SER   33 is missing expected H atoms. Skipping.
Residue TYR   35 is missing expected H atoms. Skipping.
Residue TYR   35 is missing expected H atoms. Skipping.
Residue TYR   35 is missing expected H atoms. Skipping.
Residue SER   40 is missing expected H atoms. Skipping.
Residue SER   40 is missing expected H atoms. Skipping.
Residue SER   40 is missing expected H atoms. Skipping.
Residue TYR   42 is missing expected H atoms. Skipping.
Residue TYR   42 is missing expected H atoms. Skipping.
Residue TYR   42 is missing expected H atoms. Skipping.
Residue TYR   42 is missing expected H atoms. Skipping.
Residue TYR   42 is missing expected H atoms. Skipping.
Residue TYR   42 is missing expected H atoms. Skipping.
Residue TYR   42 is missing expected H atoms. Skipping.
Residue TYR   42 is missing expected H atoms. Skipping.
Residue TYR   42 is missing expected H atoms. Skipping.
Residue TYR   42 is missing expected H atoms. Skipping.
Residue TYR   42 is missing expected H atoms. Skipping.
Residue TYR   42 is missing expected H atoms. Skipping.
Residue TYR   42 is missing expected H atoms. Skipping.
Residue TYR   42 is missing expected H atoms. Skipping.
Residue TYR   42 is missing expected H atoms. Skipping.
Residue TYR   42 is missing expected H atoms. Skipping.
Residue TYR   47 is missing expected H atoms. Skipping.
Residue TYR   47 is missing expected H atoms. Skipping.
Residue TYR   47 is missing expected H atoms. Skipping.
Residue TYR   47 is missing expected H atoms. Skipping.
Residue TYR   49 is missing expected H atoms. Skipping.
Residue TYR   49 is missing expected H atoms. Skipping.
Residue TYR   49 is missing expected H atoms. Skipping.
Residue THR   57 is missing expected H atoms. Skipping.
Residue THR   57 is missing expected H atoms. Skipping.
Residue THR   57 is missing expected H atoms. Skipping.
  outliers start: 0
  outliers final: 0
  residues processed: 0
  time to fit residues: 0.0708
After:
  r_work=0.0910 r_free=0.1128

====================== ADP refinement (reciprocal space) ======================


                 ----------Individual ADP refinement----------                 

    R-FACTORS      <Bi-Bj>  <B>   WEIGHT       TARGETS
 work  free  delta                           data restr
 9.10 11.28   2.18  1.228   6.733  0.613    0.010
 9.14 11.15   2.01  1.179   6.743  0.613    0.010

Number of minimizer iterations: 8 (12 function evaluations)

 Individual atomic B
                min    max   mean <Bi,j>   iso aniso
   Overall:    0.60  56.02   6.13   1.02  5326     0
   Protein:    2.17  17.57   5.98   1.02  5198     0
   Water:      0.60  56.02  12.11    N/A   128     0
   Chain  A:   2.17  17.57   5.98    N/A  5198     0
   Chain  z:   0.60  56.02  12.11    N/A   128     0
   Histogram:
       Values      Number of atoms
     0.60 - 6.14       3610
     6.14 - 11.68      1590
    11.68 - 17.23       107
    17.23 - 22.77        11
    22.77 - 28.31         4
    28.31 - 33.85         2
    33.85 - 39.40         1
    39.40 - 44.94         0
    44.94 - 50.48         0
    50.48 - 56.02         1


=========================== Idealize ADP of riding H ==========================

r_work=0.0914 r_free=0.1115
r_work=0.0914 r_free=0.1115

============================= Occupancy refinement ============================

|-occupancy refinement: start-------------------------------------------------|
| r_work = 0.0914 r_free = 0.1115    target_work(ls_wunit_k1) = 0.010         |
| occupancies: max = 0.68  min = 0.00   number of occupancies < 0.1:     6565 |
|-----------------------------------------------------------------------------|
|-occupancy refinement: end---------------------------------------------------|
| r_work = 0.0909 r_free = 0.1112    target_work(ls_wunit_k1) = 0.009         |
| occupancies: max = 0.63  min = 0.00   number of occupancies < 0.1:     6791 |
|-----------------------------------------------------------------------------|

Number of minimizer iterations: 50 (55 function evaluations)

*********************** REFINEMENT MACRO_CYCLE 2 OF 3 *************************

|--(resolution: 0.96 - 14.12 A, n_refl.=30987 (all), 5.17  % free)------------|
|                                                                             |
| r_work= 0.0909 r_free= 0.1112 coordinate error (max.-lik. estimate): 0.07 A |
|                                                                             |
| normalized target function (ls_wunit_k1) (work): 0.009268                   |
| target function (ls_wunit_k1) not normalized (work): 272.349447             |
| target function (ls_wunit_k1) not normalized (free): 23.319930              |
|-----------------------------------------------------------------------------|

=========================== Bulk-solvent and scaling ==========================


============================= updating all scales =============================

                   start: r(all,work,free)=0.0919 0.0909 0.1112 n_refl.: 30987
       re-set all scales: r(all,work,free)=0.1779 0.1772 0.1908 n_refl.: 30987
         remove outliers: r(all,work,free)=0.1779 0.1772 0.1908 n_refl.: 30987
overall B=-0.02 to atoms: r(all,work,free)=0.1775 0.1768 0.1904 n_refl.: 30987
bulk-solvent and scaling: r(all,work,free)=0.0906 0.0896 0.1095 n_refl.: 30987
         remove outliers: r(all,work,free)=0.0906 0.0896 0.1095 n_refl.: 30987

bulk-solvent scaling B-values (mode: fast):
  b_isotropic: -0.0539

 ======================== Statistics in resolution bins ======================== 

Total model structure factor:
  F_model = k_total * (F_calc + k_mask * F_mask)

    k_total = k_isotropic * k_anisotropic
   Resolution    Compl Nwork Nfree R_work    <Fobs>  <Fmodel> kiso   kani kmask
 14.116-6.710    82.05    89     7 0.1834   108.756   104.809 0.830 0.933 0.987
  6.681-5.432    92.59    98     2 0.1213   136.564   134.164 0.902 0.932 0.985
  5.422-4.402    83.85   154     7 0.0812   176.929   176.286 0.935 0.935 0.963
  4.390-3.571    90.83   300    17 0.0790   185.604   185.183 0.970 0.934 0.957
  3.569-2.898    96.33   573    31 0.0811   149.844   149.217 0.984 0.934 0.959
  2.897-2.351    98.62  1089    54 0.0746   115.228   114.762 1.004 0.933 0.961
  2.351-1.908    98.22  1984   112 0.0663    89.277    88.876 1.037 0.933 0.961
  1.908-1.548    96.66  3625   194 0.0680    55.376    55.183 1.055 0.934 1.012
  1.548-1.256    95.41  6578   369 0.0769    34.714    34.539 1.058 0.935 1.073
  1.256-1.020    88.52 11339   607 0.1175    22.373    22.022 1.040 0.938 1.069
  1.020-0.965    71.91  3556   202 0.2150    14.327    13.495 1.015 0.945 1.062

  Approximation of k_total with k_overall*exp(-b_overall*s**2/4)
    k_overall=0.9581   b_overall=-0.0748 

============================ Set refinement target ============================

  using refinement target ml 


============================ Update CDL restraints ============================


================================== NQH flips ==================================

r_work=0.0896 r_free=0.1095
Analyzing N/Q/H residues for possible flip corrections...

Total number of N/Q/H flips: 0

r_work=0.0896 r_free=0.1095

========================= Local real-space refinement =========================

Before:
  r_work=0.0896 r_free=0.1095
  0 residues out of total 0 (non-[ALA,GLY,PRO]) need to be fit.
    rotamer outliers: 0
    poor density    : 0
  time to evaluate  : 0.184 
Residue TYR    5 is missing expected H atoms. Skipping.
Residue TYR    5 is missing expected H atoms. Skipping.
Residue TYR    5 is missing expected H atoms. Skipping.
Residue TYR    5 is missing expected H atoms. Skipping.
Residue TYR    5 is missing expected H atoms. Skipping.
Residue THR   13 is missing expected H atoms. Skipping.
Residue THR   13 is missing expected H atoms. Skipping.
Residue THR   13 is missing expected H atoms. Skipping.
Residue THR   13 is missing expected H atoms. Skipping.
Residue THR   13 is missing expected H atoms. Skipping.
Residue THR   13 is missing expected H atoms. Skipping.
Residue THR   13 is missing expected H atoms. Skipping.
Residue THR   13 is missing expected H atoms. Skipping.
Residue TYR   14 is missing expected H atoms. Skipping.
Residue TYR   14 is missing expected H atoms. Skipping.
Residue TYR   14 is missing expected H atoms. Skipping.
Residue TYR   21 is missing expected H atoms. Skipping.
Residue TYR   21 is missing expected H atoms. Skipping.
Residue TYR   21 is missing expected H atoms. Skipping.
Residue TYR   21 is missing expected H atoms. Skipping.
Residue TYR   21 is missing expected H atoms. Skipping.
Residue TYR   21 is missing expected H atoms. Skipping.
Residue TYR   21 is missing expected H atoms. Skipping.
Residue TYR   21 is missing expected H atoms. Skipping.
Residue TYR   21 is missing expected H atoms. Skipping.
Residue TYR   21 is missing expected H atoms. Skipping.
Residue TYR   21 is missing expected H atoms. Skipping.
Residue TYR   21 is missing expected H atoms. Skipping.
Residue TYR   21 is missing expected H atoms. Skipping.
Residue TYR   21 is missing expected H atoms. Skipping.
Residue TYR   21 is missing expected H atoms. Skipping.
Residue TYR   21 is missing expected H atoms. Skipping.
Residue THR   27 is missing expected H atoms. Skipping.
Residue THR   27 is missing expected H atoms. Skipping.
Residue THR   27 is missing expected H atoms. Skipping.
Residue THR   27 is missing expected H atoms. Skipping.
Residue THR   27 is missing expected H atoms. Skipping.
Residue THR   27 is missing expected H atoms. Skipping.
Residue THR   27 is missing expected H atoms. Skipping.
Residue THR   27 is missing expected H atoms. Skipping.
Residue THR   27 is missing expected H atoms. Skipping.
Residue THR   27 is missing expected H atoms. Skipping.
Residue THR   27 is missing expected H atoms. Skipping.
Residue THR   27 is missing expected H atoms. Skipping.
Residue THR   27 is missing expected H atoms. Skipping.
Residue THR   27 is missing expected H atoms. Skipping.
Residue SER   33 is missing expected H atoms. Skipping.
Residue SER   33 is missing expected H atoms. Skipping.
Residue SER   33 is missing expected H atoms. Skipping.
Residue TYR   35 is missing expected H atoms. Skipping.
Residue TYR   35 is missing expected H atoms. Skipping.
Residue TYR   35 is missing expected H atoms. Skipping.
Residue SER   40 is missing expected H atoms. Skipping.
Residue SER   40 is missing expected H atoms. Skipping.
Residue SER   40 is missing expected H atoms. Skipping.
Residue TYR   42 is missing expected H atoms. Skipping.
Residue TYR   42 is missing expected H atoms. Skipping.
Residue TYR   42 is missing expected H atoms. Skipping.
Residue TYR   42 is missing expected H atoms. Skipping.
Residue TYR   42 is missing expected H atoms. Skipping.
Residue TYR   42 is missing expected H atoms. Skipping.
Residue TYR   42 is missing expected H atoms. Skipping.
Residue TYR   42 is missing expected H atoms. Skipping.
Residue TYR   42 is missing expected H atoms. Skipping.
Residue TYR   42 is missing expected H atoms. Skipping.
Residue TYR   42 is missing expected H atoms. Skipping.
Residue TYR   42 is missing expected H atoms. Skipping.
Residue TYR   42 is missing expected H atoms. Skipping.
Residue TYR   42 is missing expected H atoms. Skipping.
Residue TYR   42 is missing expected H atoms. Skipping.
Residue TYR   42 is missing expected H atoms. Skipping.
Residue TYR   47 is missing expected H atoms. Skipping.
Residue TYR   47 is missing expected H atoms. Skipping.
Residue TYR   47 is missing expected H atoms. Skipping.
Residue TYR   47 is missing expected H atoms. Skipping.
Residue TYR   49 is missing expected H atoms. Skipping.
Residue TYR   49 is missing expected H atoms. Skipping.
Residue TYR   49 is missing expected H atoms. Skipping.
Residue THR   57 is missing expected H atoms. Skipping.
Residue THR   57 is missing expected H atoms. Skipping.
Residue THR   57 is missing expected H atoms. Skipping.
  outliers start: 0
  outliers final: 0
  residues processed: 0
  time to fit residues: 0.2214
After:
  r_work=0.0896 r_free=0.1095

==================== Compute data/restraints target weights ===================

|-----------------------------------------------------------------------------|
| XYZ refinement: T = Eexperimental * wxc * wxc_scale + Echem * wc            |
| wxc = 2.406064              wxc_scale = 0.500            wc = 1.000         |
|                                                                             |
| ADP refinement: T = Eexperimental * wxu * wxu_scale + Eadp  * wu            |
| wxu = 0.052511              wxu_scale = 1.000            wu = 1.000         |
|-----------------------------------------------------------------------------|


====================== XYZ individual (reciprocal space) ======================

Weight selection criteria:
  R_free deviation:  0.0000
  R_free-R_work gap: 4.0000
  Bond RMSD:         0.0250
  Angle RMSD:        3.0000

 R-FACTORS             RMSD           CLASH  RAMA  ROTA CBET WEIGHT
 work   free   delta   bonds   angl
 0.0842 0.1033 0.0191  0.008   1.0   none   0.0   2.0    0   1.203

Number of minimizer iterations: 25 (27 function evaluations)

===================== Post-minimization rotamer correction ====================

Before:
  r_work=0.0842 r_free=0.1033
  0 residues out of total 0 (non-[ALA,GLY,PRO]) need to be fit.
    rotamer outliers: 0
    poor density    : 0
  time to evaluate  : 0.188 
Residue TYR    5 is missing expected H atoms. Skipping.
Residue TYR    5 is missing expected H atoms. Skipping.
Residue TYR    5 is missing expected H atoms. Skipping.
Residue TYR    5 is missing expected H atoms. Skipping.
Residue TYR    5 is missing expected H atoms. Skipping.
Residue THR   13 is missing expected H atoms. Skipping.
Residue THR   13 is missing expected H atoms. Skipping.
Residue THR   13 is missing expected H atoms. Skipping.
Residue THR   13 is missing expected H atoms. Skipping.
Residue THR   13 is missing expected H atoms. Skipping.
Residue THR   13 is missing expected H atoms. Skipping.
Residue THR   13 is missing expected H atoms. Skipping.
Residue THR   13 is missing expected H atoms. Skipping.
Residue TYR   14 is missing expected H atoms. Skipping.
Residue TYR   14 is missing expected H atoms. Skipping.
Residue TYR   14 is missing expected H atoms. Skipping.
Residue TYR   21 is missing expected H atoms. Skipping.
Residue TYR   21 is missing expected H atoms. Skipping.
Residue TYR   21 is missing expected H atoms. Skipping.
Residue TYR   21 is missing expected H atoms. Skipping.
Residue TYR   21 is missing expected H atoms. Skipping.
Residue TYR   21 is missing expected H atoms. Skipping.
Residue TYR   21 is missing expected H atoms. Skipping.
Residue TYR   21 is missing expected H atoms. Skipping.
Residue TYR   21 is missing expected H atoms. Skipping.
Residue TYR   21 is missing expected H atoms. Skipping.
Residue TYR   21 is missing expected H atoms. Skipping.
Residue TYR   21 is missing expected H atoms. Skipping.
Residue TYR   21 is missing expected H atoms. Skipping.
Residue TYR   21 is missing expected H atoms. Skipping.
Residue TYR   21 is missing expected H atoms. Skipping.
Residue TYR   21 is missing expected H atoms. Skipping.
Residue THR   27 is missing expected H atoms. Skipping.
Residue THR   27 is missing expected H atoms. Skipping.
Residue THR   27 is missing expected H atoms. Skipping.
Residue THR   27 is missing expected H atoms. Skipping.
Residue THR   27 is missing expected H atoms. Skipping.
Residue THR   27 is missing expected H atoms. Skipping.
Residue THR   27 is missing expected H atoms. Skipping.
Residue THR   27 is missing expected H atoms. Skipping.
Residue THR   27 is missing expected H atoms. Skipping.
Residue THR   27 is missing expected H atoms. Skipping.
Residue THR   27 is missing expected H atoms. Skipping.
Residue THR   27 is missing expected H atoms. Skipping.
Residue THR   27 is missing expected H atoms. Skipping.
Residue THR   27 is missing expected H atoms. Skipping.
Residue SER   33 is missing expected H atoms. Skipping.
Residue SER   33 is missing expected H atoms. Skipping.
Residue SER   33 is missing expected H atoms. Skipping.
Residue TYR   35 is missing expected H atoms. Skipping.
Residue TYR   35 is missing expected H atoms. Skipping.
Residue TYR   35 is missing expected H atoms. Skipping.
Residue SER   40 is missing expected H atoms. Skipping.
Residue SER   40 is missing expected H atoms. Skipping.
Residue SER   40 is missing expected H atoms. Skipping.
Residue TYR   42 is missing expected H atoms. Skipping.
Residue TYR   42 is missing expected H atoms. Skipping.
Residue TYR   42 is missing expected H atoms. Skipping.
Residue TYR   42 is missing expected H atoms. Skipping.
Residue TYR   42 is missing expected H atoms. Skipping.
Residue TYR   42 is missing expected H atoms. Skipping.
Residue TYR   42 is missing expected H atoms. Skipping.
Residue TYR   42 is missing expected H atoms. Skipping.
Residue TYR   42 is missing expected H atoms. Skipping.
Residue TYR   42 is missing expected H atoms. Skipping.
Residue TYR   42 is missing expected H atoms. Skipping.
Residue TYR   42 is missing expected H atoms. Skipping.
Residue TYR   42 is missing expected H atoms. Skipping.
Residue TYR   42 is missing expected H atoms. Skipping.
Residue TYR   42 is missing expected H atoms. Skipping.
Residue TYR   42 is missing expected H atoms. Skipping.
Residue TYR   47 is missing expected H atoms. Skipping.
Residue TYR   47 is missing expected H atoms. Skipping.
Residue TYR   47 is missing expected H atoms. Skipping.
Residue TYR   47 is missing expected H atoms. Skipping.
Residue TYR   49 is missing expected H atoms. Skipping.
Residue TYR   49 is missing expected H atoms. Skipping.
Residue TYR   49 is missing expected H atoms. Skipping.
Residue THR   57 is missing expected H atoms. Skipping.
Residue THR   57 is missing expected H atoms. Skipping.
Residue THR   57 is missing expected H atoms. Skipping.
  outliers start: 0
  outliers final: 0
  residues processed: 0
  time to fit residues: 0.0717
After:
  r_work=0.0842 r_free=0.1033

====================== ADP refinement (reciprocal space) ======================


                 ----------Individual ADP refinement----------                 

    R-FACTORS      <Bi-Bj>  <B>   WEIGHT       TARGETS
 work  free  delta                           data restr
 8.42 10.33   1.91  1.153   6.725  0.053    2.831
 8.34 10.35   2.01  1.233   6.711  0.053    2.819

Number of minimizer iterations: 21 (29 function evaluations)

 Individual atomic B
                min    max   mean <Bi,j>   iso aniso
   Overall:    0.60  55.89   6.08   1.16  5326     0
   Protein:    2.55  17.57   5.94   1.16  5198     0
   Water:      0.60  55.89  11.89    N/A   128     0
   Chain  A:   2.55  17.57   5.94    N/A  5198     0
   Chain  z:   0.60  55.89  11.89    N/A   128     0
   Histogram:
       Values      Number of atoms
     0.60 - 6.13       3558
     6.13 - 11.66      1643
    11.66 - 17.19       108
    17.19 - 22.72        10
    22.72 - 28.25         2
    28.25 - 33.78         3
    33.78 - 39.31         1
    39.31 - 44.84         0
    44.84 - 50.36         0
    50.36 - 55.89         1


=========================== Idealize ADP of riding H ==========================

r_work=0.0834 r_free=0.1035
r_work=0.0834 r_free=0.1035

============================= Occupancy refinement ============================

|-occupancy refinement: start-------------------------------------------------|
| r_work = 0.0834 r_free = 0.1035             target_work(ml) = 2.819         |
| occupancies: max = 0.63  min = 0.00   number of occupancies < 0.1:     6791 |
|-----------------------------------------------------------------------------|
|-occupancy refinement: end---------------------------------------------------|
| r_work = 0.0828 r_free = 0.1028             target_work(ml) = 2.815         |
| occupancies: max = 0.62  min = 0.00   number of occupancies < 0.1:     6783 |
|-----------------------------------------------------------------------------|

Number of minimizer iterations: 50 (54 function evaluations)

*********************** REFINEMENT MACRO_CYCLE 3 OF 3 *************************

|--(resolution: 0.96 - 14.12 A, n_refl.=30987 (all), 5.17  % free)------------|
|                                                                             |
| r_work= 0.0828 r_free= 0.1028 coordinate error (max.-lik. estimate): 0.08 A |
|                                                                             |
| normalized target function (ml) (work): 2.814512                            |
| target function (ml) not normalized (work): 82704.427061                    |
| target function (ml) not normalized (free): 4786.796617                     |
|-----------------------------------------------------------------------------|

=========================== Bulk-solvent and scaling ==========================


============================= updating all scales =============================

                   start: r(all,work,free)=0.0838 0.0828 0.1028 n_refl.: 30987
       re-set all scales: r(all,work,free)=0.1723 0.1716 0.1848 n_refl.: 30987
         remove outliers: r(all,work,free)=0.1723 0.1716 0.1848 n_refl.: 30987
overall B=-0.01 to atoms: r(all,work,free)=0.1722 0.1715 0.1847 n_refl.: 30987
bulk-solvent and scaling: r(all,work,free)=0.0837 0.0827 0.1028 n_refl.: 30987
         remove outliers: r(all,work,free)=0.0837 0.0827 0.1028 n_refl.: 30987

bulk-solvent scaling B-values (mode: fast):
  b_isotropic: 0.0025

 ======================== Statistics in resolution bins ======================== 

Total model structure factor:
  F_model = k_total * (F_calc + k_mask * F_mask)

    k_total = k_isotropic * k_anisotropic
   Resolution    Compl Nwork Nfree R_work    <Fobs>  <Fmodel> kiso   kani kmask
 14.116-6.710    82.05    89     7 0.1803   108.756   104.355 0.861 0.931 1.010
  6.681-5.432    92.59    98     2 0.1248   136.564   134.143 0.916 0.929 1.010
  5.422-4.402    83.85   154     7 0.0873   176.929   175.864 0.942 0.933 1.010
  4.390-3.571    90.83   300    17 0.0843   185.604   184.904 0.977 0.931 0.986
  3.569-2.898    96.33   573    31 0.0883   149.844   148.836 0.990 0.931 0.979
  2.897-2.351    98.62  1089    54 0.0813   115.228   114.562 1.009 0.931 0.982
  2.351-1.908    98.22  1984   112 0.0696    89.277    88.812 1.042 0.931 0.985
  1.908-1.548    96.66  3625   194 0.0613    55.376    55.204 1.058 0.932 1.035
  1.548-1.256    95.41  6578   369 0.0583    34.714    34.567 1.060 0.933 1.060
  1.256-1.020    88.52 11339   607 0.0978    22.373    22.077 1.038 0.936 1.062
  1.020-0.965    71.91  3556   202 0.2067    14.327    13.524 1.009 0.943 1.057

  Approximation of k_total with k_overall*exp(-b_overall*s**2/4)
    k_overall=0.9645   b_overall=-0.0196 

============================ Set refinement target ============================

  using refinement target ml 


============================ Update CDL restraints ============================


============================= Setup riding H model ============================

  Before: r_work=0.0827 r_free=0.1028
  After: r_work=0.0828 r_free=0.1029

================================== NQH flips ==================================

r_work=0.0828 r_free=0.1029
Analyzing N/Q/H residues for possible flip corrections...

Total number of N/Q/H flips: 0

r_work=0.0828 r_free=0.1029

========================= Local real-space refinement =========================

Before:
  r_work=0.0828 r_free=0.1029
  0 residues out of total 0 (non-[ALA,GLY,PRO]) need to be fit.
    rotamer outliers: 0
    poor density    : 0
  time to evaluate  : 0.174 
Residue TYR    5 is missing expected H atoms. Skipping.
Residue TYR    5 is missing expected H atoms. Skipping.
Residue TYR    5 is missing expected H atoms. Skipping.
Residue TYR    5 is missing expected H atoms. Skipping.
Residue TYR    5 is missing expected H atoms. Skipping.
Residue THR   13 is missing expected H atoms. Skipping.
Residue THR   13 is missing expected H atoms. Skipping.
Residue THR   13 is missing expected H atoms. Skipping.
Residue THR   13 is missing expected H atoms. Skipping.
Residue THR   13 is missing expected H atoms. Skipping.
Residue THR   13 is missing expected H atoms. Skipping.
Residue THR   13 is missing expected H atoms. Skipping.
Residue THR   13 is missing expected H atoms. Skipping.
Residue TYR   14 is missing expected H atoms. Skipping.
Residue TYR   14 is missing expected H atoms. Skipping.
Residue TYR   14 is missing expected H atoms. Skipping.
Residue TYR   21 is missing expected H atoms. Skipping.
Residue TYR   21 is missing expected H atoms. Skipping.
Residue TYR   21 is missing expected H atoms. Skipping.
Residue TYR   21 is missing expected H atoms. Skipping.
Residue TYR   21 is missing expected H atoms. Skipping.
Residue TYR   21 is missing expected H atoms. Skipping.
Residue TYR   21 is missing expected H atoms. Skipping.
Residue TYR   21 is missing expected H atoms. Skipping.
Residue TYR   21 is missing expected H atoms. Skipping.
Residue TYR   21 is missing expected H atoms. Skipping.
Residue TYR   21 is missing expected H atoms. Skipping.
Residue TYR   21 is missing expected H atoms. Skipping.
Residue TYR   21 is missing expected H atoms. Skipping.
Residue TYR   21 is missing expected H atoms. Skipping.
Residue TYR   21 is missing expected H atoms. Skipping.
Residue TYR   21 is missing expected H atoms. Skipping.
Residue THR   27 is missing expected H atoms. Skipping.
Residue THR   27 is missing expected H atoms. Skipping.
Residue THR   27 is missing expected H atoms. Skipping.
Residue THR   27 is missing expected H atoms. Skipping.
Residue THR   27 is missing expected H atoms. Skipping.
Residue THR   27 is missing expected H atoms. Skipping.
Residue THR   27 is missing expected H atoms. Skipping.
Residue THR   27 is missing expected H atoms. Skipping.
Residue THR   27 is missing expected H atoms. Skipping.
Residue THR   27 is missing expected H atoms. Skipping.
Residue THR   27 is missing expected H atoms. Skipping.
Residue THR   27 is missing expected H atoms. Skipping.
Residue THR   27 is missing expected H atoms. Skipping.
Residue THR   27 is missing expected H atoms. Skipping.
Residue SER   33 is missing expected H atoms. Skipping.
Residue SER   33 is missing expected H atoms. Skipping.
Residue SER   33 is missing expected H atoms. Skipping.
Residue TYR   35 is missing expected H atoms. Skipping.
Residue TYR   35 is missing expected H atoms. Skipping.
Residue TYR   35 is missing expected H atoms. Skipping.
Residue SER   40 is missing expected H atoms. Skipping.
Residue SER   40 is missing expected H atoms. Skipping.
Residue SER   40 is missing expected H atoms. Skipping.
Residue TYR   42 is missing expected H atoms. Skipping.
Residue TYR   42 is missing expected H atoms. Skipping.
Residue TYR   42 is missing expected H atoms. Skipping.
Residue TYR   42 is missing expected H atoms. Skipping.
Residue TYR   42 is missing expected H atoms. Skipping.
Residue TYR   42 is missing expected H atoms. Skipping.
Residue TYR   42 is missing expected H atoms. Skipping.
Residue TYR   42 is missing expected H atoms. Skipping.
Residue TYR   42 is missing expected H atoms. Skipping.
Residue TYR   42 is missing expected H atoms. Skipping.
Residue TYR   42 is missing expected H atoms. Skipping.
Residue TYR   42 is missing expected H atoms. Skipping.
Residue TYR   42 is missing expected H atoms. Skipping.
Residue TYR   42 is missing expected H atoms. Skipping.
Residue TYR   42 is missing expected H atoms. Skipping.
Residue TYR   42 is missing expected H atoms. Skipping.
Residue TYR   47 is missing expected H atoms. Skipping.
Residue TYR   47 is missing expected H atoms. Skipping.
Residue TYR   47 is missing expected H atoms. Skipping.
Residue TYR   47 is missing expected H atoms. Skipping.
Residue TYR   49 is missing expected H atoms. Skipping.
Residue TYR   49 is missing expected H atoms. Skipping.
Residue TYR   49 is missing expected H atoms. Skipping.
Residue THR   57 is missing expected H atoms. Skipping.
Residue THR   57 is missing expected H atoms. Skipping.
Residue THR   57 is missing expected H atoms. Skipping.
  outliers start: 0
  outliers final: 0
  residues processed: 0
  time to fit residues: 0.2175
After:
  r_work=0.0828 r_free=0.1029

==================== Compute data/restraints target weights ===================

|-----------------------------------------------------------------------------|
| XYZ refinement: T = Eexperimental * wxc * wxc_scale + Echem * wc            |
| wxc = 2.375147              wxc_scale = 0.500            wc = 1.000         |
|                                                                             |
| ADP refinement: T = Eexperimental * wxu * wxu_scale + Eadp  * wu            |
| wxu = 0.041129              wxu_scale = 1.000            wu = 1.000         |
|-----------------------------------------------------------------------------|


====================== XYZ individual (reciprocal space) ======================

Weight selection criteria:
  R_free deviation:  0.0000
  R_free-R_work gap: 4.0000
  Bond RMSD:         0.0250
  Angle RMSD:        3.0000

 R-FACTORS             RMSD           CLASH  RAMA  ROTA CBET WEIGHT
 work   free   delta   bonds   angl
 0.0823 0.1018 0.0195  0.008   1.0   none   0.0   2.1    0   1.188

Number of minimizer iterations: 9 (13 function evaluations)

===================== Post-minimization rotamer correction ====================

Before:
  r_work=0.0823 r_free=0.1018
  0 residues out of total 0 (non-[ALA,GLY,PRO]) need to be fit.
    rotamer outliers: 0
    poor density    : 0
  time to evaluate  : 0.183 
Residue TYR    5 is missing expected H atoms. Skipping.
Residue TYR    5 is missing expected H atoms. Skipping.
Residue TYR    5 is missing expected H atoms. Skipping.
Residue TYR    5 is missing expected H atoms. Skipping.
Residue TYR    5 is missing expected H atoms. Skipping.
Residue THR   13 is missing expected H atoms. Skipping.
Residue THR   13 is missing expected H atoms. Skipping.
Residue THR   13 is missing expected H atoms. Skipping.
Residue THR   13 is missing expected H atoms. Skipping.
Residue THR   13 is missing expected H atoms. Skipping.
Residue THR   13 is missing expected H atoms. Skipping.
Residue THR   13 is missing expected H atoms. Skipping.
Residue THR   13 is missing expected H atoms. Skipping.
Residue TYR   14 is missing expected H atoms. Skipping.
Residue TYR   14 is missing expected H atoms. Skipping.
Residue TYR   14 is missing expected H atoms. Skipping.
Residue TYR   21 is missing expected H atoms. Skipping.
Residue TYR   21 is missing expected H atoms. Skipping.
Residue TYR   21 is missing expected H atoms. Skipping.
Residue TYR   21 is missing expected H atoms. Skipping.
Residue TYR   21 is missing expected H atoms. Skipping.
Residue TYR   21 is missing expected H atoms. Skipping.
Residue TYR   21 is missing expected H atoms. Skipping.
Residue TYR   21 is missing expected H atoms. Skipping.
Residue TYR   21 is missing expected H atoms. Skipping.
Residue TYR   21 is missing expected H atoms. Skipping.
Residue TYR   21 is missing expected H atoms. Skipping.
Residue TYR   21 is missing expected H atoms. Skipping.
Residue TYR   21 is missing expected H atoms. Skipping.
Residue TYR   21 is missing expected H atoms. Skipping.
Residue TYR   21 is missing expected H atoms. Skipping.
Residue TYR   21 is missing expected H atoms. Skipping.
Residue THR   27 is missing expected H atoms. Skipping.
Residue THR   27 is missing expected H atoms. Skipping.
Residue THR   27 is missing expected H atoms. Skipping.
Residue THR   27 is missing expected H atoms. Skipping.
Residue THR   27 is missing expected H atoms. Skipping.
Residue THR   27 is missing expected H atoms. Skipping.
Residue THR   27 is missing expected H atoms. Skipping.
Residue THR   27 is missing expected H atoms. Skipping.
Residue THR   27 is missing expected H atoms. Skipping.
Residue THR   27 is missing expected H atoms. Skipping.
Residue THR   27 is missing expected H atoms. Skipping.
Residue THR   27 is missing expected H atoms. Skipping.
Residue THR   27 is missing expected H atoms. Skipping.
Residue THR   27 is missing expected H atoms. Skipping.
Residue SER   33 is missing expected H atoms. Skipping.
Residue SER   33 is missing expected H atoms. Skipping.
Residue SER   33 is missing expected H atoms. Skipping.
Residue TYR   35 is missing expected H atoms. Skipping.
Residue TYR   35 is missing expected H atoms. Skipping.
Residue TYR   35 is missing expected H atoms. Skipping.
Residue SER   40 is missing expected H atoms. Skipping.
Residue SER   40 is missing expected H atoms. Skipping.
Residue SER   40 is missing expected H atoms. Skipping.
Residue TYR   42 is missing expected H atoms. Skipping.
Residue TYR   42 is missing expected H atoms. Skipping.
Residue TYR   42 is missing expected H atoms. Skipping.
Residue TYR   42 is missing expected H atoms. Skipping.
Residue TYR   42 is missing expected H atoms. Skipping.
Residue TYR   42 is missing expected H atoms. Skipping.
Residue TYR   42 is missing expected H atoms. Skipping.
Residue TYR   42 is missing expected H atoms. Skipping.
Residue TYR   42 is missing expected H atoms. Skipping.
Residue TYR   42 is missing expected H atoms. Skipping.
Residue TYR   42 is missing expected H atoms. Skipping.
Residue TYR   42 is missing expected H atoms. Skipping.
Residue TYR   42 is missing expected H atoms. Skipping.
Residue TYR   42 is missing expected H atoms. Skipping.
Residue TYR   42 is missing expected H atoms. Skipping.
Residue TYR   42 is missing expected H atoms. Skipping.
Residue TYR   47 is missing expected H atoms. Skipping.
Residue TYR   47 is missing expected H atoms. Skipping.
Residue TYR   47 is missing expected H atoms. Skipping.
Residue TYR   47 is missing expected H atoms. Skipping.
Residue TYR   49 is missing expected H atoms. Skipping.
Residue TYR   49 is missing expected H atoms. Skipping.
Residue TYR   49 is missing expected H atoms. Skipping.
Residue THR   57 is missing expected H atoms. Skipping.
Residue THR   57 is missing expected H atoms. Skipping.
Residue THR   57 is missing expected H atoms. Skipping.
  outliers start: 0
  outliers final: 0
  residues processed: 0
  time to fit residues: 0.0711
After:
  r_work=0.0823 r_free=0.1018

====================== ADP refinement (reciprocal space) ======================


                 ----------Individual ADP refinement----------                 

    R-FACTORS      <Bi-Bj>  <B>   WEIGHT       TARGETS
 work  free  delta                           data restr
 8.23 10.18   1.95  1.219   6.699  0.041    2.809
 8.22 10.21   1.99  1.237   6.685  0.041    2.808

Number of minimizer iterations: 17 (21 function evaluations)

 Individual atomic B
                min    max   mean <Bi,j>   iso aniso
   Overall:    0.67  55.79   6.05   1.17  5326     0
   Protein:    2.67  17.59   5.91   1.17  5198     0
   Water:      0.67  55.79  11.64    N/A   128     0
   Chain  A:   2.67  17.59   5.91    N/A  5198     0
   Chain  z:   0.67  55.79  11.64    N/A   128     0
   Histogram:
       Values      Number of atoms
     0.67 - 6.19       3704
     6.19 - 11.70      1507
    11.70 - 17.21        98
    17.21 - 22.72        10
    22.72 - 28.23         2
    28.23 - 33.75         3
    33.75 - 39.26         1
    39.26 - 44.77         0
    44.77 - 50.28         0
    50.28 - 55.79         1


=========================== Idealize ADP of riding H ==========================

r_work=0.0822 r_free=0.1021
r_work=0.0822 r_free=0.1021

============================= Occupancy refinement ============================

|-occupancy refinement: start-------------------------------------------------|
| r_work = 0.0822 r_free = 0.1021             target_work(ml) = 2.808         |
| occupancies: max = 0.62  min = 0.00   number of occupancies < 0.1:     6783 |
|-----------------------------------------------------------------------------|
|-occupancy refinement: end---------------------------------------------------|
| r_work = 0.0820 r_free = 0.1022             target_work(ml) = 2.807         |
| occupancies: max = 0.60  min = 0.00   number of occupancies < 0.1:     6865 |
|-----------------------------------------------------------------------------|

Number of minimizer iterations: 50 (54 function evaluations)

                         ----------X-ray data----------                        

|--(resolution: 0.96 - 14.12 A, n_refl.=30987 (all), 5.17  % free)------------|
|                                                                             |
| r_work= 0.0820 r_free= 0.1022 coordinate error (max.-lik. estimate): 0.08 A |
|                                                                             |
| normalized target function (ml) (work): 2.807210                            |
| target function (ml) not normalized (work): 82489.852627                    |
| target function (ml) not normalized (free): 4780.327637                     |
|-----------------------------------------------------------------------------|

|-----------------------------------------------------------------------------|
| Bin     Resolution   Compl.  No. Refl.    R-factors          Targets        |
|number     range              work test   work   test        work        test|
|  1:   14.12 -    2.14 0.96   3030  159 0.0859 0.0952      4.1322      4.2107|
|  2:    2.14 -    1.70 0.98   2965  163 0.0661 0.0760      3.4566      3.5374|
|  3:    1.70 -    1.49 0.96   2886  166 0.0557 0.0760      2.8023      2.9622|
|  4:    1.49 -    1.35 0.96   2882  138 0.0552 0.0856      2.5278      2.7643|
|  5:    1.35 -    1.25 0.95   2794  169 0.0589 0.0967      2.3693      2.5927|
|  6:    1.25 -    1.18 0.94   2774  154 0.0599 0.1018      2.3123      2.6227|
|  7:    1.18 -    1.12 0.93   2752  147 0.0692 0.0963      2.3385      2.5525|
|  8:    1.12 -    1.07 0.87   2552  143 0.1184 0.1361      2.5952      2.7932|
|  9:    1.07 -    1.03 0.83   2459  121 0.1561 0.1973      2.6634      2.8865|
| 10:    1.03 -    1.00 0.81   2375  130 0.1894 0.2332      2.7327      2.9075|
| 11:    1.00 -    0.96 0.66   1916  112 0.2191 0.2534      2.7222      2.8312|
|-----------------------------------------------------------------------------|

|-----------------------------------------------------------------------------|
|R-free likelihood based estimates for figures of merit, absolute phase error,|
|and distribution parameters alpha and beta (Acta Cryst. (1995). A51, 880-887)|
|                                                                             |
| Bin     Resolution      No. Refl.   FOM  Phase Scale    Alpha        Beta   |
|  #        range        work  test        error factor                       |
|  1:   14.12 -    2.14  3030   159  0.95   8.04   1.00     0.97        547.80|
|  2:    2.14 -    1.70  2965   163  0.94   9.80   1.00     0.98        231.35|
|  3:    1.70 -    1.49  2886   166  0.97   5.91   1.00     0.99         58.60|
|  4:    1.49 -    1.35  2882   138  0.98   5.23   1.00     0.97         33.51|
|  5:    1.35 -    1.25  2794   169  0.98   5.47   0.99     0.97         24.41|
|  6:    1.25 -    1.18  2774   154  0.98   5.88   1.01     0.97         21.72|
|  7:    1.18 -    1.12  2752   147  0.97   7.07   1.00     0.97         23.00|
|  8:    1.12 -    1.07  2552   143  0.96   9.29   0.98     0.95         26.61|
|  9:    1.07 -    1.03  2459   121  0.93  14.21   0.97     0.93         34.26|
| 10:    1.03 -    1.00  2375   130  0.90  18.63   0.99     0.91         40.91|
| 11:    1.00 -    0.96  1916   112  0.86  22.52   0.98     0.90         46.21|
|alpha:            min =        0.90 max =            0.99 mean =         0.96|
|beta:             min =       21.72 max =          547.80 mean =       106.89|
|figures of merit: min =        0.00 max =            1.00 mean =         0.95|
|phase err.(work): min =        0.00 max =           89.87 mean =         9.62|
|phase err.(test): min =        0.00 max =           88.52 mean =         9.56|
|-----------------------------------------------------------------------------|

==================================== Final ====================================


============================= updating all scales =============================

                   start: r(all,work,free)=0.0831 0.0820 0.1022 n_refl.: 30987
       re-set all scales: r(all,work,free)=0.1716 0.1710 0.1835 n_refl.: 30987
         remove outliers: r(all,work,free)=0.1716 0.1710 0.1835 n_refl.: 30987
 overall B=0.03 to atoms: r(all,work,free)=0.1721 0.1715 0.1840 n_refl.: 30987
bulk-solvent and scaling: r(all,work,free)=0.0829 0.0819 0.1021 n_refl.: 30987
         remove outliers: r(all,work,free)=0.0829 0.0819 0.1021 n_refl.: 30987

bulk-solvent scaling B-values (mode: fast):
  b_isotropic: 0.0262

 ======================== Statistics in resolution bins ======================== 

Total model structure factor:
  F_model = k_total * (F_calc + k_mask * F_mask)

    k_total = k_isotropic * k_anisotropic
   Resolution    Compl Nwork Nfree R_work    <Fobs>  <Fmodel> kiso   kani kmask
 14.116-6.710    82.05    89     7 0.1795   108.756   104.193 0.867 0.930 1.020
  6.681-5.432    92.59    98     2 0.1237   136.564   134.274 0.918 0.929 1.020
  5.422-4.402    83.85   154     7 0.0872   176.929   175.757 0.942 0.932 1.020
  4.390-3.571    90.83   300    17 0.0839   185.604   184.928 0.977 0.931 0.990
  3.569-2.898    96.33   573    31 0.0882   149.844   148.813 0.990 0.931 0.989
  2.897-2.351    98.62  1089    54 0.0813   115.228   114.539 1.009 0.931 0.992
  2.351-1.908    98.22  1984   112 0.0692    89.277    88.806 1.041 0.931 0.994
  1.908-1.548    96.66  3625   194 0.0601    55.376    55.213 1.056 0.932 1.040
  1.548-1.256    95.41  6578   369 0.0569    34.714    34.575 1.057 0.933 1.059
  1.256-1.020    88.52 11339   607 0.0967    22.373    22.082 1.033 0.936 1.058
  1.020-0.965    71.91  3556   202 0.2065    14.327    13.523 1.003 0.943 1.049

  Approximation of k_total with k_overall*exp(-b_overall*s**2/4)
    k_overall=0.9645   b_overall=0.0031  

================= overall refinement statistics: step by step =================

****************** REFINEMENT STATISTICS STEP BY STEP ******************
leading digit, like 1_, means number of macro-cycle                     
0    : statistics at the very beginning when nothing is done yet        
1_bss: bulk solvent correction and/or (anisotropic) scaling             
1_xyz: refinement of coordinates                                        
1_adp: refinement of ADPs (Atomic Displacement Parameters)              
1_occ: refinement of occupancies                                        
------------------------------------------------------------------------
 stage r-work r-free bonds angles b_min b_max b_ave n_water shift
      0    : 0.1653 0.1797 0.010  1.166   1.0  55.4   6.1 128      0.000
      1_bss: 0.0872 0.1056 0.010  1.166   1.0  55.4   6.1 128      0.000
1_settarget: 0.0872 0.1056 0.010  1.166   1.0  55.4   6.1 128      0.000
      1_nqh: 0.0872 0.1056 0.010  1.166   1.0  55.4   6.1 128      0.000
  1_realsrl: 0.0872 0.1056 0.010  1.166   1.0  55.4   6.1 128      0.000
   1_weight: 0.0872 0.1056 0.010  1.166   1.0  55.4   6.1 128      0.000
   1_xyzrec: 0.0910 0.1128 0.008  0.911   1.0  55.4   6.1 128      0.035
 1_realsrl2: 0.0910 0.1128 0.008  0.911   1.0  55.4   6.1 128      0.035
      1_adp: 0.0914 0.1115 0.008  0.911   0.6  56.0   6.1 128      0.035
  1_regHadp: 0.0914 0.1115 0.008  0.911   0.6  56.0   6.1 128      0.035
      1_occ: 0.0909 0.1112 0.008  0.911   0.6  56.0   6.1 128      0.035
      2_bss: 0.0896 0.1095 0.008  0.911   0.6  56.0   6.1 128      0.035
2_settarget: 0.0896 0.1095 0.008  0.911   0.6  56.0   6.1 128      0.035
2_updatecdl: 0.0896 0.1095 0.008  0.915   0.6  56.0   6.1 128      0.035
      2_nqh: 0.0896 0.1095 0.008  0.915   0.6  56.0   6.1 128      0.035
  2_realsrl: 0.0896 0.1095 0.008  0.915   0.6  56.0   6.1 128      0.035
   2_weight: 0.0896 0.1095 0.008  0.915   0.6  56.0   6.1 128      0.035
   2_xyzrec: 0.0842 0.1033 0.008  1.021   0.6  56.0   6.1 128      0.026
 2_realsrl2: 0.0842 0.1033 0.008  1.021   0.6  56.0   6.1 128      0.026
      2_adp: 0.0834 0.1035 0.008  1.021   0.6  55.9   6.1 128      0.026
  2_regHadp: 0.0834 0.1035 0.008  1.021   0.6  55.9   6.1 128      0.026
      2_occ: 0.0828 0.1028 0.008  1.021   0.6  55.9   6.1 128      0.026
      3_bss: 0.0827 0.1028 0.008  1.021   0.6  55.9   6.1 128      0.026
3_settarget: 0.0827 0.1028 0.008  1.021   0.6  55.9   6.1 128      0.026
3_updatecdl: 0.0827 0.1028 0.008  1.026   0.6  55.9   6.1 128      0.026
    3_setrh: 0.0828 0.1029 0.008  1.026   0.6  55.9   6.1 128      0.025
      3_nqh: 0.0828 0.1029 0.008  1.026   0.6  55.9   6.1 128      0.025
  3_realsrl: 0.0828 0.1029 0.008  1.026   0.6  55.9   6.1 128      0.025
   3_weight: 0.0828 0.1029 0.008  1.026   0.6  55.9   6.1 128      0.025
   3_xyzrec: 0.0823 0.1018 0.008  1.048   0.6  55.9   6.1 128      0.024
 3_realsrl2: 0.0823 0.1018 0.008  1.048   0.6  55.9   6.1 128      0.024
      3_adp: 0.0822 0.1021 0.008  1.048   0.7  55.8   6.0 128      0.024
  3_regHadp: 0.0822 0.1021 0.008  1.048   0.7  55.8   6.0 128      0.024
      3_occ: 0.0820 0.1022 0.008  1.048   0.7  55.8   6.0 128      0.024
        end: 0.0819 0.1021 0.008  1.048   0.7  55.8   6.1 128      0.024
------------------------------------------------------------------------

============================== Exporting results ==============================


Writing refined structure to CIF file:
  /home/jamesh/projects/phenix_user_solvent/squish_phenix/refine_updated/updatedsolvent_003.cif
Writing default parameters for subsequent refinement:
  /home/jamesh/projects/phenix_user_solvent/squish_phenix/refine_updated/updatedsolvent_004.def

Timing summary:
  Write initial files (write_before_run_outputs): 9.6800
  Refinement macro-cycles (run)                 : 1616.3700
  Write final files (write_after_run_outputs)   : 65.4900
  Total                                         : 1691.5400
Total CPU time: 30.31 minutes

=========================== phenix.refine: finished ===========================

# Date 2026-08-20 Time 19:14:18 PDT -0700 (1787278458.01 s)

Start R-work = 0.0872, R-free = 0.1056
Final R-work = 0.0819, R-free = 0.1021

===============================================================================
Job complete
usr+sys time: 1818.88 seconds
wall clock time: 30 minutes 51.42 seconds (1851.42 seconds total)
